info: BUILD: mode=ReleaseFast
info: EOT_ID = 106 (mesuré depuis le tokenizer)
info: GENCFG: /data/hf_cache/hub/models--google--gemma-4-12B-it-qat-w4a16-ct/snapshots/1d2c2d7f2466070e69d6fb3fd5ce9a7d75f2f6ee/generation_config.json suppress=[258883,258882] eos=[1,106,50] ignored=[bos_token_id,do_sample,pad_token_id,temperature,top_k,top_p,transformers_version] (mode=libre)
info: SAMPLING: T=1 top_k=1 top_p=1 min_keep=1 seed=null (chemin complet ARMÉ ; tirage OFF (argmax))
info(pjrt): Loading: libpjrt_cuda.so...
info(pjrt): Loaded: libpjrt_cuda.so
info: A1 — backend = cuda (cible : cuda)
info: PIN: ON (work 1 MiB dma-mappé)
info: Materializing weights (store_ck, 48 couches + 40 v_proj + embed 2 Go) + Packed/Cache (HostInputs, zéros hors positions/cos/sin/masques) ...
info: [mem] post-load (poids + Packed/Cache sur device): RSS=2637072 KiB (~2 GiB) swap=0 KiB (~0 GiB)
info: Compiling G12Step.forward (gather+scale 62.0+dequant W4+forwardStageGen 48 couches+topK, mono-graphe) ...
info:   compile: 28.815s
info: [mem] post-compile (go/no-go): RSS=3317020 KiB (~3 GiB) swap=0 KiB (~0 GiB)
info: Boucle autonome : 29 steps de prefill, puis génération (limite 800 = max_tokens)
info:   ... step 256 (227 générés)
info:   ... step 512 (483 générés)
info:   ... step 768 (739 générés)
info: GENCFG: suppress a mordu 0 fois sur 800 tokens générés (prefill exclu)
info: ALLOC-LOOP: alloc=0 resize=0 remap=0 free=0 bytes=0 steps=828
info: ALLOC-TOTAL: alloc=757 free=716 bytes=959139000 shards=1
info: S2-PONT: steps_comparés=828 désaccords=0 égalités_exactes=0 (chemin B armé)
info: M-COUT: bloc chemin B — moyenne 692.0 µs/step (D2H seul 429.2 µs, warpers 248.6 µs), max 1411.9 µs, sur 828 steps (MESURE PUBLIÉE, pas un gate)
info: PERF : prefill 29 steps en 3.105s (9.3 tok/s) ; génération 800 tokens en 84.127s (9.5 tok/s)
info: RSS-DELTA: 256 KiB (t20=3992616 t200=3992872)
info: mode libre : 800 tokens générés (EOT_ID=106, max_tokens=800)
info: generated = { 818, 3925, 529, 5743, 563, 886, 529, 506, 11333, 21623, 29685, 528, 3246, 4083, 236761, 1030, 563, 506, 3925, 529, 1217, 27069, 8683, 531, 11451, 606, 623, 63823, 1788, 236775, 532, 2490, 625, 1131, 496, 5904, 529, 18304, 2066, 236761, 108, 1509, 3721, 11252, 529, 1518, 573, 27069, 531, 2827, 699, 9333, 5743, 618, 496, 623, 4117, 236775, 568, 236746, 6220, 529, 2613, 236768, 531, 496, 623, 5640, 236775, 568, 236746, 3210, 528, 4850, 769, 108, 7243, 108, 10354, 236743, 236770, 236761, 669, 152369, 236787, 669, 623, 17642, 236775, 528, 506, 12266, 107, 13286, 5743, 691, 496, 1548, 236764, 625, 691, 496, 21441, 236761, 21107, 121304, 4354, 496, 1595, 531, 23227, 1534, 4945, 1133, 5213, 236770, 236764, 236743, 236770, 236771, 236764, 532, 236743, 236770, 236771, 236771, 1018, 1056, 1699, 94010, 23571, 568, 3350, 506, 2939, 529, 496, 15958, 23521, 1061, 1550, 769, 108, 236829, 139, 1018, 818, 186245, 5990, 532, 70012, 5990, 568, 236755, 236761, 236743, 236800, 236771, 236771, 236771, 236964, 236778, 236771, 236771, 236771, 119431, 1473, 1018, 2195, 1456, 496, 6043, 1283, 2836, 568, 5521, 236772, 236825, 236771, 236768, 1458, 236761, 2195, 14995, 901, 4354, 496, 1595, 531, 1407, 614, 7738, 4321, 236761, 2195, 6074, 1699, 496, 169434, 54616, 531, 10128, 623, 63823, 236775, 528, 496, 3530, 1977, 236761, 3153, 236764, 901, 3782, 236789, 236745, 2980, 625, 618, 496, 1548, 611, 1451, 1138, 653, 30579, 236793, 625, 691, 14778, 496, 623, 7763, 2098, 1133, 506, 623, 236771, 236775, 528, 623, 236770, 236771, 236810, 1781, 107, 236829, 139, 1018, 818, 3353, 743, 568, 236755, 236761, 236743, 236800, 236810, 236771, 20200, 1473, 1018, 799, 506, 62215, 236764, 506, 3353, 743, 22014, 5535, 496, 26446, 15926, 507, 2836, 568, 5521, 236772, 236778, 236771, 236768, 1458, 236761, 2195, 1456, 496, 11411, 236772, 24850, 53179, 531, 2754, 5743, 236761, 2195, 964, 3571, 506, 1171, 531, 1161, 5743, 528, 3996, 101610, 15621, 236764, 3635, 910, 1458, 12800, 4813, 699, 506, 1884, 529, 506, 1902, 236761, 108, 10354, 236743, 236778, 236761, 669, 164759, 100335, 236787, 669, 52839, 529, 25765, 107, 2542, 496, 1440, 990, 236764, 506, 11333, 33974, 531, 5743, 691, 19548, 236761, 799, 16470, 532, 10995, 3305, 236764, 623, 63823, 236775, 691, 711, 496, 3210, 236761, 2282, 72704, 1133, 107988, 236764, 623, 63823, 236775, 691, 496, 114788, 237028, 236746, 6220, 529, 1646, 236761, 2088, 1451, 623, 63823, 236775, 577, 496, 623, 44784, 236775, 600, 1451, 577, 31167, 236881, 108, 17574, 529, 672, 236764, 10063, 29282, 103345, 573, 24744, 236761, 2195, 1456, 10995, 36598, 1294, 568, 236777, 236764, 782, 236764, 1684, 236764, 639, 779, 837, 659, 41124, 236761, 799, 10995, 121287, 236764, 993, 563, 951, 623, 13321, 2098, 532, 611, 3914, 5583, 2121, 1440, 11247, 653, 3996, 27104, 1547, 993, 563, 951, 94010, 17709, 236761, 108, 10354, 236743, 236800, 236761, 669, 6225, 24817, 236787, 31234, 2199, 10927, 496, 9661, 107, 818, 1847, 623, 37832, 236775, 529, 5743, 618, 496, 23093, 13186, 8432, 528, 5213, 25026, 1018, 2101, 506, 236743, 236810, 594, 7691, 20200, 236761, 1174, 563, 1298, 506, 7140, 699, 623, 7763, 236775, 531, 623, 5640, 236775, 10997, 236761, 108, 236829, 139, 1018, 818, 18179, 53121, 6225, 167134, 6074, 531, 2980, 5743, 618, 496, 1548, 600, 1451, 577, 68333, 236761, 2195, 14995, 600, 768, 611, 735, 623, 63823, 2098, 611, 740, 2036, 2121, 6675, 580, 625, 236761, 107, 236829, 139, 1018, 818, 27277, 53121, 2195, 5535, 506, 3495, 529, 808, 18318, 2373, 236829, 568, 4117, 236786, 11681, 769, 107, 236829, 139, 1018, 818, 194242, 53121, 3763, 506, 236743, 236832, 594, 7691, 236764, 6225, 167134, 1133, 5213, 67400, 8951, 582, 188628, 1018, 7971, 506, 1171, 6366, 573, 20124, 607, 5743, 236761, 1293, 6697, 600, 236787, 107, 140, 236829, 139, 236795, 236770, 900, 236743, 236771, 578, 236743, 236770, 236795, 107, 140, 236829, 139, 236795, 236770, 753, 236743, 236771, 578, 236743, 236770, 236795, 107, 140, 236829, 139, 236795, 236770, 621, 3841, 236743, 236771, 578, 236743, 236771, 236795, 107, 140, 236829, 139, 236769, 2209, 34554, 607, 11247, 684, 5743, 236764, 837, 1093, 4595, 496, 26460, 573, 24744, 769, 108, 10354, 236743, 236812, 236761, 669, 61690, 7901, 236787, 31234, 89225, 11250, 107, 29337, 33402, 699, 4673, 531, 506, 25680, 1902, 236764, 532, 1299, 531, 3879, 236761, 108, 236829, 139, 1018, 818, 25680, 16522, 17884, 568, 236819, 594, 28228, 1473, 1018, 669, 52825, 121477, 5213, 2368, 236772, 26741, 8281, 216904, 1018, 568, 87776, 1463, 5877, 775, 506, 3658, 623, 45835, 1373, 12569, 506, 6225, 1458, 236761, 1293, 7971, 70551, 580, 1217, 531, 1161, 1239, 623, 187973, 121287, 236775, 568, 527, 901, 964, 1299, 2760, 236768, 531, 2121, 10075, 236761, 1174, 1458, 691, 2793, 919, 8143, 1082, 506, 732, 159779, 10995, 121287, 236761, 107, 236829, 139, 1018, 818, 6693, 55732, 53121, 3026, 1239, 4945, 8452, 3879, 528, 506, 236743, 236770, 236778, 594, 532, 236743, 236770, 236800, 594, 24744, 236764, 901, 964, 1645, 607, 44208, 236761, 4943, 71644, 2760, 1091, 623, 31071, 789, 236775 }
info: arrêt : max-tokens (800)
MALLOCOUNT: malloc=215283636 calloc=679146 realloc=10684781 free=341908845 bytes=30527915608
