info: BUILD: mode=ReleaseFast
info: EOT_ID = 106 (mesuré depuis le tokenizer)
info: GENCFG: /data/hf_cache/hub/models--google--gemma-4-12B-it-qat-w4a16-ct/snapshots/1d2c2d7f2466070e69d6fb3fd5ce9a7d75f2f6ee/generation_config.json suppress=[258883,258882] eos=[1,106,50] ignored=[bos_token_id,do_sample,pad_token_id,temperature,top_k,top_p,transformers_version] (mode=oracle)
info: SAMPLING: neutre — chemin top-5 inchangé (aucun warper, aucun tirage)
info: --oracle : 260 steps de génération attendus (fed.len), prompt vérifié (ids.len=28 == positions[0])
info(pjrt): Loading: libpjrt_cuda.so...
info(pjrt): Loaded: libpjrt_cuda.so
info: A1 — backend = cuda (cible : cuda)
info: Materializing weights (store_ck, 48 couches + 40 v_proj + embed 2 Go) + Packed/Cache (HostInputs, zéros hors positions/cos/sin/masques) ...
info: [mem] post-load (poids + Packed/Cache sur device): RSS=2626548 KiB (~2 GiB) swap=0 KiB (~0 GiB)
info: Compiling G12Step.forward (gather+scale 62.0+dequant W4+forwardStageGen 48 couches+topK, mono-graphe) ...
info:   compile: 27.299s
info: [mem] post-compile (go/no-go): RSS=3298100 KiB (~3 GiB) swap=0 KiB (~0 GiB)
info: Boucle autonome : 28 steps de prefill, puis génération (limite 260 = fed.len, oracle)
info:   marge top1-top2 @ gen=0 : 1.386797 (top1=129930 top2=4967) rank_used=0 chosen=129930 marge_decisionnelle=1.386797
info:   marge top1-top2 @ gen=1 : 7.050627 (top1=3037 top2=537) rank_used=0 chosen=3037 marge_decisionnelle=7.050627
info:   marge top1-top2 @ gen=2 : 6.985441 (top1=2049 top2=15569) rank_used=0 chosen=2049 marge_decisionnelle=6.985441
info:   marge top1-top2 @ gen=3 : 5.961878 (top1=4052 top2=33473) rank_used=0 chosen=4052 marge_decisionnelle=5.961878
info:   marge top1-top2 @ gen=4 : 2.242405 (top1=569 top2=696) rank_used=0 chosen=569 marge_decisionnelle=2.242405
info:   marge top1-top2 @ gen=5 : 9.619844 (top1=759 top2=537) rank_used=0 chosen=759 marge_decisionnelle=9.619844
info:   marge top1-top2 @ gen=6 : 5.797516 (top1=107058 top2=5213) rank_used=0 chosen=107058 marge_decisionnelle=5.797516
info:   marge top1-top2 @ gen=7 : 12.296509 (top1=2112 top2=1924) rank_used=0 chosen=2112 marge_decisionnelle=12.296509
info:   marge top1-top2 @ gen=8 : 7.981951 (top1=118583 top2=8285) rank_used=0 chosen=118583 marge_decisionnelle=7.981951
info:   marge top1-top2 @ gen=9 : 6.207163 (top1=513 top2=568) rank_used=0 chosen=513 marge_decisionnelle=6.207163
info:   marge top1-top2 @ gen=10 : 5.852486 (top1=236789 top2=236858) rank_used=0 chosen=236789 marge_decisionnelle=5.852486
info:   marge top1-top2 @ gen=11 : 9.824219 (top1=62462 top2=82839) rank_used=0 chosen=62462 marge_decisionnelle=9.824219
info:   marge top1-top2 @ gen=12 : 3.074905 (top1=696 top2=568) rank_used=0 chosen=696 marge_decisionnelle=3.074905
info:   marge top1-top2 @ gen=13 : 9.699659 (top1=22865 top2=12409) rank_used=0 chosen=22865 marge_decisionnelle=9.699659
info:   marge top1-top2 @ gen=14 : 8.686014 (top1=37485 top2=179162) rank_used=0 chosen=37485 marge_decisionnelle=8.686014
info:   marge top1-top2 @ gen=15 : 13.390224 (top1=1017 top2=32289) rank_used=0 chosen=1017 marge_decisionnelle=13.390224
info:   marge top1-top2 @ gen=16 : 12.621228 (top1=108 top2=236743) rank_used=0 chosen=108 marge_decisionnelle=12.621228
info:   marge top1-top2 @ gen=17 : 5.298996 (top1=4967 top2=236770) rank_used=0 chosen=4967 marge_decisionnelle=5.298996
info:   marge top1-top2 @ gen=18 : 8.373634 (top1=107058 top2=5700) rank_used=0 chosen=107058 marge_decisionnelle=8.373634
info:   marge top1-top2 @ gen=19 : 11.412939 (top1=2112 top2=239615) rank_used=0 chosen=2112 marge_decisionnelle=11.412939
info:   marge top1-top2 @ gen=20 : 8.346956 (top1=118583 top2=1084) rank_used=0 chosen=118583 marge_decisionnelle=8.346956
info:   marge top1-top2 @ gen=21 : 2.543106 (top1=513 top2=1009) rank_used=0 chosen=513 marge_decisionnelle=2.543106
info:   marge top1-top2 @ gen=22 : 6.061539 (top1=236789 top2=236858) rank_used=0 chosen=236789 marge_decisionnelle=6.061539
info:   marge top1-top2 @ gen=23 : 10.556911 (top1=62462 top2=82839) rank_used=0 chosen=62462 marge_decisionnelle=10.556911
info:   marge top1-top2 @ gen=24 : 5.809467 (top1=1009 top2=55844) rank_used=0 chosen=1009 marge_decisionnelle=5.809467
info:   marge top1-top2 @ gen=25 : 1.026939 (top1=3037 top2=723) rank_used=0 chosen=3037 marge_decisionnelle=1.026939
info:   marge top1-top2 @ gen=26 : 4.298832 (top1=9939 top2=143344) rank_used=0 chosen=9939 marge_decisionnelle=4.298832
info:   marge top1-top2 @ gen=27 : 0.555368 (top1=2947 top2=107417) rank_used=0 chosen=2947 marge_decisionnelle=0.555368
info:   marge top1-top2 @ gen=28 : 5.240967 (top1=55844 top2=192912) rank_used=0 chosen=55844 marge_decisionnelle=5.240967
info:   marge top1-top2 @ gen=29 : 1.830881 (top1=674 top2=759) rank_used=0 chosen=674 marge_decisionnelle=1.830881
info:   marge top1-top2 @ gen=30 : 3.978945 (top1=28421 top2=165992) rank_used=0 chosen=28421 marge_decisionnelle=3.978945
info:   marge top1-top2 @ gen=31 : 2.692926 (top1=569 top2=513) rank_used=0 chosen=569 marge_decisionnelle=2.692926
info:   marge top1-top2 @ gen=32 : 3.937506 (top1=10040 top2=25708) rank_used=0 chosen=10040 marge_decisionnelle=3.937506
info:   marge top1-top2 @ gen=33 : 3.905172 (top1=513 top2=1747) rank_used=0 chosen=513 marge_decisionnelle=3.905172
info:   marge top1-top2 @ gen=34 : 7.629042 (top1=236789 top2=236858) rank_used=0 chosen=236789 marge_decisionnelle=7.629042
info:   marge top1-top2 @ gen=35 : 7.397667 (top1=602 top2=2253) rank_used=0 chosen=602 marge_decisionnelle=7.397667
info:   marge top1-top2 @ gen=36 : 10.018777 (top1=56667 top2=17209) rank_used=0 chosen=56667 marge_decisionnelle=10.018777
info:   marge top1-top2 @ gen=37 : 0.853088 (top1=568 top2=513) rank_used=0 chosen=568 marge_decisionnelle=0.853088
info:   marge top1-top2 @ gen=38 : 6.586737 (top1=182283 top2=74964) rank_used=0 chosen=182283 marge_decisionnelle=6.586737
info:   marge top1-top2 @ gen=39 : 4.890879 (top1=723 top2=1640) rank_used=0 chosen=723 marge_decisionnelle=4.890879
info:   marge top1-top2 @ gen=40 : 2.710417 (top1=92474 top2=29193) rank_used=0 chosen=92474 marge_decisionnelle=2.710417
info:   marge top1-top2 @ gen=41 : 10.324881 (top1=236768 top2=3349) rank_used=0 chosen=236768 marge_decisionnelle=10.324881
info:   marge top1-top2 @ gen=42 : 3.515543 (top1=1608 top2=6397) rank_used=0 chosen=1608 marge_decisionnelle=3.515543
info:   marge top1-top2 @ gen=43 : 0.094202 (top1=723 top2=3037) rank_used=0 chosen=723 marge_decisionnelle=0.094202
info:   marge top1-top2 @ gen=44 : 3.964939 (top1=9062 top2=177992) rank_used=0 chosen=9062 marge_decisionnelle=3.964939
info:   marge top1-top2 @ gen=45 : 1.179724 (top1=125091 top2=192912) rank_used=0 chosen=125091 marge_decisionnelle=1.179724
info:   marge top1-top2 @ gen=46 : 4.546370 (top1=569 top2=1008) rank_used=0 chosen=569 marge_decisionnelle=4.546370
info:   marge top1-top2 @ gen=47 : 2.416718 (top1=60588 top2=21739) rank_used=0 chosen=60588 marge_decisionnelle=2.416718
info:   marge top1-top2 @ gen=48 : 1.897860 (top1=3349 top2=193336) rank_used=0 chosen=3349 marge_decisionnelle=1.897860
info:   marge top1-top2 @ gen=49 : 3.018568 (top1=569 top2=513) rank_used=0 chosen=569 marge_decisionnelle=3.018568
info:   marge top1-top2 @ gen=50 : 0.769579 (top1=12727 top2=21739) rank_used=0 chosen=12727 marge_decisionnelle=0.769579
info:   marge top1-top2 @ gen=51 : 9.480494 (top1=1190 top2=20075) rank_used=0 chosen=1190 marge_decisionnelle=9.480494
info:   marge top1-top2 @ gen=52 : 2.587320 (top1=193336 top2=141783) rank_used=0 chosen=193336 marge_decisionnelle=2.587320
info:   marge top1-top2 @ gen=53 : 1.519156 (top1=236761 top2=52550) rank_used=0 chosen=236761 marge_decisionnelle=1.519156
info:   marge top1-top2 @ gen=54 : 4.588471 (top1=16107 top2=148306) rank_used=0 chosen=16107 marge_decisionnelle=4.588471
info:   marge top1-top2 @ gen=55 : 9.598230 (top1=20995 top2=185817) rank_used=0 chosen=20995 marge_decisionnelle=9.598230
info:   marge top1-top2 @ gen=56 : 0.886044 (top1=569 top2=513) rank_used=0 chosen=569 marge_decisionnelle=0.886044
info:   marge top1-top2 @ gen=57 : 1.626959 (top1=150741 top2=105820) rank_used=0 chosen=150741 marge_decisionnelle=1.626959
info:   marge top1-top2 @ gen=58 : 1.977377 (top1=1640 top2=537) rank_used=0 chosen=1640 marge_decisionnelle=1.977377
info:   marge top1-top2 @ gen=59 : 5.723421 (top1=3381 top2=38462) rank_used=0 chosen=3381 marge_decisionnelle=5.723421
info:   marge top1-top2 @ gen=60 : 6.599535 (top1=4154 top2=4902) rank_used=0 chosen=4154 marge_decisionnelle=6.599535
info:   marge top1-top2 @ gen=61 : 0.556314 (top1=23371 top2=13776) rank_used=0 chosen=23371 marge_decisionnelle=0.556314
info:   marge top1-top2 @ gen=62 : 3.295170 (top1=2417 top2=93231) rank_used=0 chosen=2417 marge_decisionnelle=3.295170
info:   marge top1-top2 @ gen=63 : 0.675411 (top1=513 top2=569) rank_used=0 chosen=513 marge_decisionnelle=0.675411
info:   marge top1-top2 @ gen=64 : 7.975584 (top1=236789 top2=236858) rank_used=0 chosen=236789 marge_decisionnelle=7.975584
info:   marge top1-top2 @ gen=65 : 3.826223 (top1=2253 top2=602) rank_used=0 chosen=2253 marge_decisionnelle=3.826223
info:   marge top1-top2 @ gen=66 : 2.583918 (top1=20412 top2=31120) rank_used=0 chosen=20412 marge_decisionnelle=2.583918
info:   marge top1-top2 @ gen=67 : 3.958529 (top1=56556 top2=10427) rank_used=0 chosen=56556 marge_decisionnelle=3.958529
info:   marge top1-top2 @ gen=68 : 4.793512 (top1=236764 top2=14355) rank_used=0 chosen=236764 marge_decisionnelle=4.793512
info:   marge top1-top2 @ gen=69 : 6.461968 (top1=674 top2=14129) rank_used=0 chosen=674 marge_decisionnelle=6.461968
info:   marge top1-top2 @ gen=70 : 7.104410 (top1=56667 top2=165992) rank_used=0 chosen=56667 marge_decisionnelle=7.104410
info:   marge top1-top2 @ gen=71 : 4.521620 (top1=770 top2=636) rank_used=0 chosen=770 marge_decisionnelle=4.521620
info:   marge top1-top2 @ gen=72 : 1.181931 (top1=636 top2=190245) rank_used=0 chosen=636 marge_decisionnelle=1.181931
info:   marge top1-top2 @ gen=73 : 6.314056 (top1=4702 top2=28818) rank_used=0 chosen=4702 marge_decisionnelle=6.314056
info:   marge top1-top2 @ gen=74 : 10.041741 (top1=500 top2=1150) rank_used=0 chosen=500 marge_decisionnelle=10.041741
info:   marge top1-top2 @ gen=75 : 7.527747 (top1=929 top2=258883) rank_used=0 chosen=929 marge_decisionnelle=7.584343
info:   marge top1-top2 @ gen=76 : 12.141845 (top1=1270 top2=12009) rank_used=0 chosen=1270 marge_decisionnelle=12.141845
info:   marge top1-top2 @ gen=77 : 0.974113 (top1=3037 top2=1640) rank_used=0 chosen=3037 marge_decisionnelle=0.974113
info:   marge top1-top2 @ gen=78 : 0.636625 (top1=623 top2=9381) rank_used=0 chosen=623 marge_decisionnelle=0.636625
info:   marge top1-top2 @ gen=79 : 5.862808 (top1=15307 top2=33768) rank_used=0 chosen=15307 marge_decisionnelle=5.862808
info:   marge top1-top2 @ gen=80 : 4.504767 (top1=8328 top2=3612) rank_used=0 chosen=8328 marge_decisionnelle=4.504767
info:   marge top1-top2 @ gen=81 : 11.016569 (top1=236775 top2=39924) rank_used=0 chosen=236775 marge_decisionnelle=11.016569
info:   marge top1-top2 @ gen=82 : 3.293268 (top1=39924 top2=569) rank_used=0 chosen=39924 marge_decisionnelle=3.293268
info:   marge top1-top2 @ gen=83 : 4.438461 (top1=2947 top2=569) rank_used=0 chosen=2947 marge_decisionnelle=4.438461
info:   marge top1-top2 @ gen=84 : 6.822256 (top1=636 top2=2972) rank_used=0 chosen=636 marge_decisionnelle=6.822256
info:   marge top1-top2 @ gen=85 : 5.418722 (top1=2972 top2=258882) rank_used=0 chosen=2972 marge_decisionnelle=6.829210
info:   marge top1-top2 @ gen=86 : 9.512321 (top1=2811 top2=30635) rank_used=0 chosen=2811 marge_decisionnelle=9.512321
info:   marge top1-top2 @ gen=87 : 0.304194 (top1=3229 top2=203580) rank_used=0 chosen=3229 marge_decisionnelle=0.304194
info:   marge top1-top2 @ gen=88 : 3.226605 (top1=13969 top2=1597) rank_used=0 chosen=13969 marge_decisionnelle=3.226605
info:   marge top1-top2 @ gen=89 : 8.183094 (top1=1008 top2=237032) rank_used=0 chosen=1008 marge_decisionnelle=8.183094
info:   marge top1-top2 @ gen=90 : 8.791964 (top1=1608 top2=3229) rank_used=0 chosen=1608 marge_decisionnelle=8.791964
info:   marge top1-top2 @ gen=91 : 6.303812 (top1=40300 top2=42813) rank_used=0 chosen=40300 marge_decisionnelle=6.303812
info:   marge top1-top2 @ gen=92 : 0.716347 (top1=569 top2=1747) rank_used=0 chosen=569 marge_decisionnelle=0.716347
info:   marge top1-top2 @ gen=93 : 6.327436 (top1=759 top2=537) rank_used=0 chosen=759 marge_decisionnelle=6.327436
info:   marge top1-top2 @ gen=94 : 3.999249 (top1=22939 top2=27187) rank_used=0 chosen=22939 marge_decisionnelle=3.999249
info:   marge top1-top2 @ gen=95 : 10.311138 (top1=236761 top2=1747) rank_used=0 chosen=236761 marge_decisionnelle=10.311138
info:   marge top1-top2 @ gen=96 : 1.910889 (top1=27301 top2=53614) rank_used=0 chosen=27301 marge_decisionnelle=1.910889
info:   marge top1-top2 @ gen=97 : 1.671394 (top1=129120 top2=64836) rank_used=0 chosen=129120 marge_decisionnelle=1.671394
info:   marge top1-top2 @ gen=98 : 1.289854 (top1=15075 top2=114792) rank_used=0 chosen=15075 marge_decisionnelle=1.289854
info:   marge top1-top2 @ gen=99 : 5.334831 (top1=569 top2=513) rank_used=0 chosen=569 marge_decisionnelle=5.334831
info:   marge top1-top2 @ gen=100 : 4.831120 (top1=91920 top2=40661) rank_used=0 chosen=91920 marge_decisionnelle=4.831120
info:   marge top1-top2 @ gen=101 : 2.677570 (top1=40661 top2=2575) rank_used=0 chosen=40661 marge_decisionnelle=2.677570
info:   marge top1-top2 @ gen=102 : 10.239318 (top1=68962 top2=154443) rank_used=0 chosen=68962 marge_decisionnelle=10.239318
info:   marge top1-top2 @ gen=103 : 2.178698 (top1=759 top2=1640) rank_used=0 chosen=759 marge_decisionnelle=2.178698
info:   marge top1-top2 @ gen=104 : 0.990295 (top1=83876 top2=112190) rank_used=0 chosen=83876 marge_decisionnelle=0.990295
info:   marge top1-top2 @ gen=105 : 8.969507 (top1=569 top2=3321) rank_used=0 chosen=569 marge_decisionnelle=8.969507
info:   marge top1-top2 @ gen=106 : 11.224102 (top1=3313 top2=22564) rank_used=0 chosen=3313 marge_decisionnelle=11.224102
info:   marge top1-top2 @ gen=107 : 2.679783 (top1=46778 top2=1008) rank_used=0 chosen=46778 marge_decisionnelle=2.679783
info:   marge top1-top2 @ gen=108 : 0.415838 (top1=9966 top2=236764) rank_used=0 chosen=9966 marge_decisionnelle=0.415838
info:   marge top1-top2 @ gen=109 : 11.190866 (top1=696 top2=258883) rank_used=0 chosen=696 marge_decisionnelle=12.113196
info:   marge top1-top2 @ gen=110 : 0.083763 (top1=80334 top2=11523) rank_used=0 chosen=80334 marge_decisionnelle=0.083763
info:   marge top1-top2 @ gen=111 : 2.499529 (top1=3229 top2=569) rank_used=0 chosen=3229 marge_decisionnelle=2.499529
info:   marge top1-top2 @ gen=112 : 8.428505 (top1=56667 top2=27387) rank_used=0 chosen=56667 marge_decisionnelle=8.428505
info:   marge top1-top2 @ gen=113 : 6.819733 (top1=569 top2=513) rank_used=0 chosen=569 marge_decisionnelle=6.819733
info:   marge top1-top2 @ gen=114 : 3.724602 (top1=131976 top2=132020) rank_used=0 chosen=131976 marge_decisionnelle=3.724602
info:   marge top1-top2 @ gen=115 : 4.663881 (top1=853 top2=569) rank_used=0 chosen=853 marge_decisionnelle=4.663881
info:   marge top1-top2 @ gen=116 : 0.597525 (top1=138905 top2=126795) rank_used=0 chosen=138905 marge_decisionnelle=0.597525
info:   marge top1-top2 @ gen=117 : 0.546082 (top1=569 top2=10427) rank_used=0 chosen=569 marge_decisionnelle=0.546082
info:   marge top1-top2 @ gen=118 : 0.114552 (top1=50711 top2=10427) rank_used=0 chosen=50711 marge_decisionnelle=0.114552
info:   marge top1-top2 @ gen=119 : 0.331562 (top1=24562 top2=108417) rank_used=0 chosen=24562 marge_decisionnelle=0.331562
info:   marge top1-top2 @ gen=120 : 0.018745 (top1=108417 top2=2611) rank_used=0 chosen=108417 marge_decisionnelle=0.018745
info:   marge top1-top2 @ gen=121 : 8.152662 (top1=703 top2=695) rank_used=0 chosen=703 marge_decisionnelle=8.152662
info:   marge top1-top2 @ gen=122 : 9.259617 (top1=236761 top2=569) rank_used=0 chosen=236761 marge_decisionnelle=9.259617
info:   marge top1-top2 @ gen=123 : 13.151519 (top1=106 top2=1340) rank_used=0 chosen=106 marge_decisionnelle=13.151519
info:   marge top1-top2 @ gen=124 : 13.032410 (top1=106 top2=1340) rank_used=0 chosen=106 marge_decisionnelle=13.032410
info:   marge top1-top2 @ gen=125 : 0.008638 (top1=45518 top2=101) rank_used=0 chosen=45518 marge_decisionnelle=0.008638
info:   marge top1-top2 @ gen=126 : 5.536022 (top1=107 top2=236813) rank_used=0 chosen=107 marge_decisionnelle=5.536022
info:   marge top1-top2 @ gen=127 : 8.187571 (top1=101 top2=1) rank_used=0 chosen=101 marge_decisionnelle=8.187571
info:   marge top1-top2 @ gen=128 : 5.423895 (top1=129930 top2=100) rank_used=0 chosen=129930 marge_decisionnelle=5.423895
info:   marge top1-top2 @ gen=129 : 8.205235 (top1=3037 top2=537) rank_used=0 chosen=3037 marge_decisionnelle=8.205235
info:   marge top1-top2 @ gen=130 : 7.332190 (top1=2049 top2=15569) rank_used=0 chosen=2049 marge_decisionnelle=7.332190
info:   marge top1-top2 @ gen=131 : 9.072659 (top1=4052 top2=2049) rank_used=0 chosen=4052 marge_decisionnelle=9.072659
info:   marge top1-top2 @ gen=132 : 3.115734 (top1=569 top2=696) rank_used=0 chosen=569 marge_decisionnelle=3.115734
info:   marge top1-top2 @ gen=133 : 10.454502 (top1=759 top2=537) rank_used=0 chosen=759 marge_decisionnelle=10.454502
info:   marge top1-top2 @ gen=134 : 10.674421 (top1=107058 top2=5213) rank_used=0 chosen=107058 marge_decisionnelle=10.674421
info:   marge top1-top2 @ gen=135 : 10.942408 (top1=2112 top2=239615) rank_used=0 chosen=2112 marge_decisionnelle=10.942408
info:   marge top1-top2 @ gen=136 : 8.463985 (top1=118583 top2=1084) rank_used=0 chosen=118583 marge_decisionnelle=8.463985
info:   marge top1-top2 @ gen=137 : 9.682989 (top1=513 top2=568) rank_used=0 chosen=513 marge_decisionnelle=9.682989
info:   marge top1-top2 @ gen=138 : 7.437584 (top1=236789 top2=236858) rank_used=0 chosen=236789 marge_decisionnelle=7.437584
info:   marge top1-top2 @ gen=139 : 12.189854 (top1=62462 top2=203330) rank_used=0 chosen=62462 marge_decisionnelle=12.189854
info:   marge top1-top2 @ gen=140 : 7.096647 (top1=696 top2=568) rank_used=0 chosen=696 marge_decisionnelle=7.096647
info:   marge top1-top2 @ gen=141 : 9.352882 (top1=22865 top2=12409) rank_used=0 chosen=22865 marge_decisionnelle=9.352882
info:   marge top1-top2 @ gen=142 : 9.245512 (top1=37485 top2=179162) rank_used=0 chosen=37485 marge_decisionnelle=9.245512
info:   marge top1-top2 @ gen=143 : 12.046705 (top1=1017 top2=236787) rank_used=0 chosen=1017 marge_decisionnelle=12.046705
info:   marge top1-top2 @ gen=144 : 10.619064 (top1=108 top2=236743) rank_used=0 chosen=108 marge_decisionnelle=10.619064
info:   marge top1-top2 @ gen=145 : 8.203516 (top1=4967 top2=236770) rank_used=0 chosen=4967 marge_decisionnelle=8.203516
info:   marge top1-top2 @ gen=146 : 10.815906 (top1=107058 top2=9939) rank_used=0 chosen=107058 marge_decisionnelle=10.815906
info:   marge top1-top2 @ gen=147 : 10.959325 (top1=2112 top2=239615) rank_used=0 chosen=2112 marge_decisionnelle=10.959325
info:   marge top1-top2 @ gen=148 : 9.569886 (top1=118583 top2=1084) rank_used=0 chosen=118583 marge_decisionnelle=9.569886
info:   marge top1-top2 @ gen=149 : 9.362131 (top1=513 top2=1009) rank_used=0 chosen=513 marge_decisionnelle=9.362131
info:   marge top1-top2 @ gen=150 : 6.309856 (top1=236789 top2=236858) rank_used=0 chosen=236789 marge_decisionnelle=6.309856
info:   marge top1-top2 @ gen=151 : 11.752190 (top1=62462 top2=152303) rank_used=0 chosen=62462 marge_decisionnelle=11.752190
info:   marge top1-top2 @ gen=152 : 9.845682 (top1=1009 top2=43496) rank_used=0 chosen=1009 marge_decisionnelle=9.845682
info:   marge top1-top2 @ gen=153 : 10.086775 (top1=3037 top2=2253) rank_used=0 chosen=3037 marge_decisionnelle=10.086775
info:   marge top1-top2 @ gen=154 : 5.873694 (top1=9939 top2=64836) rank_used=0 chosen=9939 marge_decisionnelle=5.873694
info:   marge top1-top2 @ gen=155 : 8.990419 (top1=2947 top2=569) rank_used=0 chosen=2947 marge_decisionnelle=8.990419
info:   marge top1-top2 @ gen=156 : 9.092868 (top1=55844 top2=192912) rank_used=0 chosen=55844 marge_decisionnelle=9.092868
info:   marge top1-top2 @ gen=157 : 7.731932 (top1=674 top2=759) rank_used=0 chosen=674 marge_decisionnelle=7.731932
info:   marge top1-top2 @ gen=158 : 8.129128 (top1=28421 top2=623) rank_used=0 chosen=28421 marge_decisionnelle=8.129128
info:   marge top1-top2 @ gen=159 : 5.021910 (top1=569 top2=513) rank_used=0 chosen=569 marge_decisionnelle=5.021910
info:   marge top1-top2 @ gen=160 : 7.335943 (top1=10040 top2=3313) rank_used=0 chosen=10040 marge_decisionnelle=7.335943
info:   marge top1-top2 @ gen=161 : 8.734293 (top1=513 top2=1747) rank_used=0 chosen=513 marge_decisionnelle=8.734293
info:   marge top1-top2 @ gen=162 : 8.217056 (top1=236789 top2=236858) rank_used=0 chosen=236789 marge_decisionnelle=8.217056
info:   marge top1-top2 @ gen=163 : 9.775135 (top1=602 top2=2253) rank_used=0 chosen=602 marge_decisionnelle=9.775135
info:   marge top1-top2 @ gen=164 : 10.511640 (top1=56667 top2=6603) rank_used=0 chosen=56667 marge_decisionnelle=10.511640
info:   marge top1-top2 @ gen=165 : 4.256533 (top1=568 top2=513) rank_used=0 chosen=568 marge_decisionnelle=4.256533
info:   marge top1-top2 @ gen=166 : 9.379179 (top1=182283 top2=2084) rank_used=0 chosen=182283 marge_decisionnelle=9.379179
info:   marge top1-top2 @ gen=167 : 7.540140 (top1=723 top2=1640) rank_used=0 chosen=723 marge_decisionnelle=7.540140
info:   marge top1-top2 @ gen=168 : 9.022209 (top1=92474 top2=29193) rank_used=0 chosen=92474 marge_decisionnelle=9.022209
info:   marge top1-top2 @ gen=169 : 12.337210 (top1=236768 top2=236786) rank_used=0 chosen=236768 marge_decisionnelle=12.337210
info:   marge top1-top2 @ gen=170 : 6.486212 (top1=1608 top2=6397) rank_used=0 chosen=1608 marge_decisionnelle=6.486212
info:   marge top1-top2 @ gen=171 : 7.859869 (top1=723 top2=3037) rank_used=0 chosen=723 marge_decisionnelle=7.859869
info:   marge top1-top2 @ gen=172 : 5.486300 (top1=9062 top2=177992) rank_used=0 chosen=9062 marge_decisionnelle=5.486300
info:   marge top1-top2 @ gen=173 : 6.989077 (top1=125091 top2=192912) rank_used=0 chosen=125091 marge_decisionnelle=6.989077
info:   marge top1-top2 @ gen=174 : 5.524626 (top1=569 top2=513) rank_used=0 chosen=569 marge_decisionnelle=5.524626
info:   marge top1-top2 @ gen=175 : 4.645842 (top1=60588 top2=12727) rank_used=0 chosen=60588 marge_decisionnelle=4.645842
info:   marge top1-top2 @ gen=176 : 3.060129 (top1=3349 top2=193336) rank_used=0 chosen=3349 marge_decisionnelle=3.060129
info:   marge top1-top2 @ gen=177 : 6.511623 (top1=569 top2=513) rank_used=0 chosen=569 marge_decisionnelle=6.511623
info:   marge top1-top2 @ gen=178 : 6.917604 (top1=12727 top2=623) rank_used=0 chosen=12727 marge_decisionnelle=6.917604
info:   marge top1-top2 @ gen=179 : 10.152447 (top1=1190 top2=498) rank_used=0 chosen=1190 marge_decisionnelle=10.152447
info:   marge top1-top2 @ gen=180 : 5.996126 (top1=193336 top2=13989) rank_used=0 chosen=193336 marge_decisionnelle=5.996126
info:   marge top1-top2 @ gen=181 : 8.571859 (top1=236761 top2=186346) rank_used=0 chosen=236761 marge_decisionnelle=8.571859
info:   marge top1-top2 @ gen=182 : 10.346804 (top1=16107 top2=36928) rank_used=0 chosen=16107 marge_decisionnelle=10.346804
info:   marge top1-top2 @ gen=183 : 8.477728 (top1=20995 top2=185817) rank_used=0 chosen=20995 marge_decisionnelle=8.477728
info:   marge top1-top2 @ gen=184 : 8.117672 (top1=569 top2=513) rank_used=0 chosen=569 marge_decisionnelle=8.117672
info:   marge top1-top2 @ gen=185 : 8.717602 (top1=150741 top2=114646) rank_used=0 chosen=150741 marge_decisionnelle=8.717602
info:   marge top1-top2 @ gen=186 : 10.735106 (top1=1640 top2=20328) rank_used=0 chosen=1640 marge_decisionnelle=10.735106
info:   marge top1-top2 @ gen=187 : 10.258506 (top1=3381 top2=94736) rank_used=0 chosen=3381 marge_decisionnelle=10.258506
info:   marge top1-top2 @ gen=188 : 10.665236 (top1=4154 top2=28256) rank_used=0 chosen=4154 marge_decisionnelle=10.665236
info:   marge top1-top2 @ gen=189 : 8.499901 (top1=23371 top2=13776) rank_used=0 chosen=23371 marge_decisionnelle=8.499901
info:   marge top1-top2 @ gen=190 : 7.058065 (top1=2417 top2=93231) rank_used=0 chosen=2417 marge_decisionnelle=7.058065
info:   marge top1-top2 @ gen=191 : 7.347780 (top1=513 top2=569) rank_used=0 chosen=513 marge_decisionnelle=7.347780
info:   marge top1-top2 @ gen=192 : 8.338408 (top1=236789 top2=236858) rank_used=0 chosen=236789 marge_decisionnelle=8.338408
info:   marge top1-top2 @ gen=193 : 7.631094 (top1=2253 top2=602) rank_used=0 chosen=2253 marge_decisionnelle=7.631094
info:   marge top1-top2 @ gen=194 : 5.339201 (top1=20412 top2=180099) rank_used=0 chosen=20412 marge_decisionnelle=5.339201
info:   marge top1-top2 @ gen=195 : 8.479906 (top1=56556 top2=80214) rank_used=0 chosen=56556 marge_decisionnelle=8.479906
info:   marge top1-top2 @ gen=196 : 4.486700 (top1=236764 top2=14355) rank_used=0 chosen=236764 marge_decisionnelle=4.486700
info:   marge top1-top2 @ gen=197 : 10.521254 (top1=674 top2=537) rank_used=0 chosen=674 marge_decisionnelle=10.521254
info:   marge top1-top2 @ gen=198 : 10.965445 (top1=56667 top2=165992) rank_used=0 chosen=56667 marge_decisionnelle=10.965445
info:   marge top1-top2 @ gen=199 : 7.078882 (top1=770 top2=636) rank_used=0 chosen=770 marge_decisionnelle=7.078882
info:   marge top1-top2 @ gen=200 : 11.131997 (top1=636 top2=1248) rank_used=0 chosen=636 marge_decisionnelle=11.131997
info:   marge top1-top2 @ gen=201 : 7.915584 (top1=4702 top2=31995) rank_used=0 chosen=4702 marge_decisionnelle=7.915584
info:   marge top1-top2 @ gen=202 : 9.054179 (top1=500 top2=1150) rank_used=0 chosen=500 marge_decisionnelle=9.054179
info:   marge top1-top2 @ gen=203 : 10.350033 (top1=929 top2=33470) rank_used=0 chosen=929 marge_decisionnelle=10.350033
info:   marge top1-top2 @ gen=204 : 12.487580 (top1=1270 top2=2880) rank_used=0 chosen=1270 marge_decisionnelle=12.487580
info:   marge top1-top2 @ gen=205 : 11.427635 (top1=3037 top2=759) rank_used=0 chosen=3037 marge_decisionnelle=11.427635
info:   marge top1-top2 @ gen=206 : 4.204563 (top1=623 top2=2789) rank_used=0 chosen=623 marge_decisionnelle=4.204563
info:   marge top1-top2 @ gen=207 : 8.700941 (top1=15307 top2=13873) rank_used=0 chosen=15307 marge_decisionnelle=8.700941
info:   marge top1-top2 @ gen=208 : 7.382724 (top1=8328 top2=237041) rank_used=0 chosen=8328 marge_decisionnelle=7.382724
info:   marge top1-top2 @ gen=209 : 12.479066 (top1=236775 top2=236779) rank_used=0 chosen=236775 marge_decisionnelle=12.479066
info:   marge top1-top2 @ gen=210 : 9.720490 (top1=39924 top2=119811) rank_used=0 chosen=39924 marge_decisionnelle=9.720490
info:   marge top1-top2 @ gen=211 : 11.524015 (top1=2947 top2=87519) rank_used=0 chosen=2947 marge_decisionnelle=11.524015
info:   marge top1-top2 @ gen=212 : 10.552280 (top1=636 top2=105444) rank_used=0 chosen=636 marge_decisionnelle=10.552280
info:   marge top1-top2 @ gen=213 : 9.288051 (top1=2972 top2=13934) rank_used=0 chosen=2972 marge_decisionnelle=9.288051
info:   marge top1-top2 @ gen=214 : 6.740725 (top1=2811 top2=3518) rank_used=0 chosen=2811 marge_decisionnelle=6.740725
info:   marge top1-top2 @ gen=215 : 6.124250 (top1=3229 top2=203580) rank_used=0 chosen=3229 marge_decisionnelle=6.124250
info:   marge top1-top2 @ gen=216 : 9.380375 (top1=13969 top2=50157) rank_used=0 chosen=13969 marge_decisionnelle=9.380375
info:   marge top1-top2 @ gen=217 : 10.286072 (top1=1008 top2=3229) rank_used=0 chosen=1008 marge_decisionnelle=10.286072
info:   marge top1-top2 @ gen=218 : 5.142584 (top1=1608 top2=3229) rank_used=0 chosen=1608 marge_decisionnelle=5.142584
info:   marge top1-top2 @ gen=219 : 7.543346 (top1=40300 top2=8790) rank_used=0 chosen=40300 marge_decisionnelle=7.543346
info:   marge top1-top2 @ gen=220 : 2.270994 (top1=569 top2=1747) rank_used=0 chosen=569 marge_decisionnelle=2.270994
info:   marge top1-top2 @ gen=221 : 7.349882 (top1=759 top2=537) rank_used=0 chosen=759 marge_decisionnelle=7.349882
info:   marge top1-top2 @ gen=222 : 5.653774 (top1=22939 top2=27187) rank_used=0 chosen=22939 marge_decisionnelle=5.653774
info:   marge top1-top2 @ gen=223 : 9.260744 (top1=236761 top2=1747) rank_used=0 chosen=236761 marge_decisionnelle=9.260744
info:   marge top1-top2 @ gen=224 : 8.339111 (top1=27301 top2=50822) rank_used=0 chosen=27301 marge_decisionnelle=8.339111
info:   marge top1-top2 @ gen=225 : 6.357708 (top1=129120 top2=64836) rank_used=0 chosen=129120 marge_decisionnelle=6.357708
info:   marge top1-top2 @ gen=226 : 10.035032 (top1=15075 top2=26230) rank_used=0 chosen=15075 marge_decisionnelle=10.035032
info:   marge top1-top2 @ gen=227 : 9.939665 (top1=569 top2=513) rank_used=0 chosen=569 marge_decisionnelle=9.939665
info:   marge top1-top2 @ gen=228 : 9.971520 (top1=91920 top2=187135) rank_used=0 chosen=91920 marge_decisionnelle=9.971520
info:   ... step 256 (228 générés)
info:   marge top1-top2 @ gen=229 : 9.123761 (top1=40661 top2=94888) rank_used=0 chosen=40661 marge_decisionnelle=9.123761
info:   marge top1-top2 @ gen=230 : 9.163643 (top1=68962 top2=27228) rank_used=0 chosen=68962 marge_decisionnelle=9.163643
info:   marge top1-top2 @ gen=231 : 5.601994 (top1=759 top2=1640) rank_used=0 chosen=759 marge_decisionnelle=5.601994
info:   marge top1-top2 @ gen=232 : 4.034399 (top1=83876 top2=112190) rank_used=0 chosen=83876 marge_decisionnelle=4.034399
info:   marge top1-top2 @ gen=233 : 12.575385 (top1=569 top2=3321) rank_used=0 chosen=569 marge_decisionnelle=12.575385
info:   marge top1-top2 @ gen=234 : 10.145847 (top1=3313 top2=22564) rank_used=0 chosen=3313 marge_decisionnelle=10.145847
info:   marge top1-top2 @ gen=235 : 6.001795 (top1=46778 top2=1221) rank_used=0 chosen=46778 marge_decisionnelle=6.001795
info:   marge top1-top2 @ gen=236 : 8.061480 (top1=9966 top2=568) rank_used=0 chosen=9966 marge_decisionnelle=8.061480
info:   marge top1-top2 @ gen=237 : 13.030676 (top1=696 top2=113526) rank_used=0 chosen=696 marge_decisionnelle=13.030676
info:   marge top1-top2 @ gen=238 : 7.519638 (top1=80334 top2=47033) rank_used=0 chosen=80334 marge_decisionnelle=7.519638
info:   marge top1-top2 @ gen=239 : 10.881969 (top1=3229 top2=6397) rank_used=0 chosen=3229 marge_decisionnelle=10.881969
info:   marge top1-top2 @ gen=240 : 11.974750 (top1=56667 top2=38325) rank_used=0 chosen=56667 marge_decisionnelle=11.974750
info:   marge top1-top2 @ gen=241 : 7.538815 (top1=569 top2=513) rank_used=0 chosen=569 marge_decisionnelle=7.538815
info:   marge top1-top2 @ gen=242 : 8.461985 (top1=131976 top2=132020) rank_used=0 chosen=131976 marge_decisionnelle=8.461985
info:   marge top1-top2 @ gen=243 : 7.859894 (top1=853 top2=569) rank_used=0 chosen=853 marge_decisionnelle=7.859894
info:   marge top1-top2 @ gen=244 : 5.311005 (top1=138905 top2=126795) rank_used=0 chosen=138905 marge_decisionnelle=5.311005
info:   marge top1-top2 @ gen=245 : 7.095938 (top1=569 top2=513) rank_used=0 chosen=569 marge_decisionnelle=7.095938
info:   marge top1-top2 @ gen=246 : 1.962080 (top1=50711 top2=10427) rank_used=0 chosen=50711 marge_decisionnelle=1.962080
info:   marge top1-top2 @ gen=247 : 5.295868 (top1=24562 top2=37262) rank_used=0 chosen=24562 marge_decisionnelle=5.295868
info:   marge top1-top2 @ gen=248 : 5.744001 (top1=108417 top2=2611) rank_used=0 chosen=108417 marge_decisionnelle=5.744001
info:   marge top1-top2 @ gen=249 : 7.639887 (top1=703 top2=695) rank_used=0 chosen=703 marge_decisionnelle=7.639887
info:   marge top1-top2 @ gen=250 : 10.518919 (top1=236761 top2=568) rank_used=0 chosen=236761 marge_decisionnelle=10.518919
info:   marge top1-top2 @ gen=251 : 9.346760 (top1=106 top2=236779) rank_used=0 chosen=106 marge_decisionnelle=9.346760
info:   marge top1-top2 @ gen=252 : 8.360037 (top1=106 top2=236779) rank_used=0 chosen=106 marge_decisionnelle=8.360037
info:   marge top1-top2 @ gen=253 : 3.923420 (top1=106 top2=1) rank_used=0 chosen=106 marge_decisionnelle=3.923420
info:   marge top1-top2 @ gen=254 : 3.871212 (top1=45518 top2=1) rank_used=0 chosen=45518 marge_decisionnelle=3.871212
info:   marge top1-top2 @ gen=255 : 8.289663 (top1=107 top2=236813) rank_used=0 chosen=107 marge_decisionnelle=8.289663
info:   marge top1-top2 @ gen=256 : 3.652792 (top1=101 top2=1) rank_used=0 chosen=101 marge_decisionnelle=3.652792
info:   marge top1-top2 @ gen=257 : 3.568651 (top1=129930 top2=4967) rank_used=0 chosen=129930 marge_decisionnelle=3.568651
info:   marge top1-top2 @ gen=258 : 9.806383 (top1=3037 top2=22865) rank_used=0 chosen=3037 marge_decisionnelle=9.806383
info:   marge top1-top2 @ gen=259 : 8.293934 (top1=2049 top2=15569) rank_used=0 chosen=2049 marge_decisionnelle=8.293934
info: GENCFG: suppress a mordu 0 fois sur 260 tokens générés (prefill exclu)
info: ALLOC-LOOP: alloc=0 resize=0 remap=0 free=0 bytes=0 steps=287
info: ALLOC-TOTAL: alloc=761 free=724 bytes=954697412 shards=1
info: PERF : prefill 28 steps en 2.970s (9.4 tok/s) ; génération 260 tokens en 26.937s (9.7 tok/s)
info: RSS-DELTA: 140 KiB (t20=3979100 t200=3979240)
error: A1 FAIL — 1/260 match, 1er mismatch au step gen=0
error:   step gen=0 : généré=129930 attendu(fed)=236798
error:   diagnostic LOGITS (méthodo : argmax trop grossier pour diagnostiquer) — top-5 @ step gen=0 : idx={ 129930, 4967, 46308, 3258, 236798 } val={ 25.97302, 24.586224, 18.503834, 17.748194, 16.073097 }
error: A1Mismatch
