info: BUILD: mode=ReleaseFast
info: EOT_ID = 106 (mesuré depuis le tokenizer)
info: GENCFG: /data/hf_cache/hub/models--google--gemma-4-12B-it-qat-w4a16-ct/snapshots/1d2c2d7f2466070e69d6fb3fd5ce9a7d75f2f6ee/generation_config.json suppress=[258883,258882] eos=[1,106,50] ignored=[bos_token_id,do_sample,pad_token_id,temperature,top_k,top_p,transformers_version] (mode=oracle)
info: SAMPLING: neutre — chemin top-5 inchangé (aucun warper, aucun tirage)
info: --oracle : 260 steps de génération attendus (fed.len), prompt vérifié (ids.len=43 == positions[0])
info(pjrt): Loading: libpjrt_cuda.so...
info(pjrt): Loaded: libpjrt_cuda.so
info: A1 — backend = cuda (cible : cuda)
info: Materializing weights (store_ck, 48 couches + 40 v_proj + embed 2 Go) + Packed/Cache (HostInputs, zéros hors positions/cos/sin/masques) ...
info: [mem] post-load (poids + Packed/Cache sur device): RSS=2626696 KiB (~2 GiB) swap=0 KiB (~0 GiB)
info: Compiling G12Step.forward (gather+scale 62.0+dequant W4+forwardStageGen 48 couches+topK, mono-graphe) ...
info:   compile: 27.517s
info: [mem] post-compile (go/no-go): RSS=3296736 KiB (~3 GiB) swap=0 KiB (~0 GiB)
info: KVLOAD: /data/gemma4-zml-probe/kvdump/dc2.kvdump l_max=1280 step_next=43 fed_next=1017 ids=43 (reprise sans prefill)
info: KVLOAD: contexte de 43 tokens (non réaffiché)
info: Boucle autonome : 43 steps de prefill, puis génération (limite 260 = fed.len, oracle)
info:   marge top1-top2 @ gen=0 : 12.622777 (top1=108 top2=236743) rank_used=0 chosen=108 marge_decisionnelle=12.622777
info: KVLOAD-PERF: chargement+h2d+reprise -> 1er token en 1.408s
info:   marge top1-top2 @ gen=1 : 5.299690 (top1=4967 top2=236770) rank_used=0 chosen=4967 marge_decisionnelle=5.299690
info:   marge top1-top2 @ gen=2 : 8.374792 (top1=107058 top2=5700) rank_used=0 chosen=107058 marge_decisionnelle=8.374792
info:   marge top1-top2 @ gen=3 : 11.408324 (top1=2112 top2=239615) rank_used=0 chosen=2112 marge_decisionnelle=11.408324
info:   marge top1-top2 @ gen=4 : 8.353545 (top1=118583 top2=1084) rank_used=0 chosen=118583 marge_decisionnelle=8.353545
info:   marge top1-top2 @ gen=5 : 2.533646 (top1=513 top2=1009) rank_used=0 chosen=513 marge_decisionnelle=2.533646
info:   marge top1-top2 @ gen=6 : 6.060926 (top1=236789 top2=236858) rank_used=0 chosen=236789 marge_decisionnelle=6.060926
info:   marge top1-top2 @ gen=7 : 10.559238 (top1=62462 top2=82839) rank_used=0 chosen=62462 marge_decisionnelle=10.559238
info:   marge top1-top2 @ gen=8 : 5.816465 (top1=1009 top2=55844) rank_used=0 chosen=1009 marge_decisionnelle=5.816465
info:   marge top1-top2 @ gen=9 : 1.022892 (top1=3037 top2=723) rank_used=0 chosen=3037 marge_decisionnelle=1.022892
info:   marge top1-top2 @ gen=10 : 4.299297 (top1=9939 top2=143344) rank_used=0 chosen=9939 marge_decisionnelle=4.299297
info:   marge top1-top2 @ gen=11 : 0.559753 (top1=2947 top2=107417) rank_used=0 chosen=2947 marge_decisionnelle=0.559753
info:   marge top1-top2 @ gen=12 : 5.243052 (top1=55844 top2=192912) rank_used=0 chosen=55844 marge_decisionnelle=5.243052
info:   marge top1-top2 @ gen=13 : 1.833378 (top1=674 top2=759) rank_used=0 chosen=674 marge_decisionnelle=1.833378
info:   marge top1-top2 @ gen=14 : 3.978922 (top1=28421 top2=165992) rank_used=0 chosen=28421 marge_decisionnelle=3.978922
info:   marge top1-top2 @ gen=15 : 2.694910 (top1=569 top2=513) rank_used=0 chosen=569 marge_decisionnelle=2.694910
info:   marge top1-top2 @ gen=16 : 3.938459 (top1=10040 top2=25708) rank_used=0 chosen=10040 marge_decisionnelle=3.938459
info:   marge top1-top2 @ gen=17 : 3.903048 (top1=513 top2=1747) rank_used=0 chosen=513 marge_decisionnelle=3.903048
info:   marge top1-top2 @ gen=18 : 7.630947 (top1=236789 top2=236858) rank_used=0 chosen=236789 marge_decisionnelle=7.630947
info:   marge top1-top2 @ gen=19 : 7.395527 (top1=602 top2=2253) rank_used=0 chosen=602 marge_decisionnelle=7.395527
info:   marge top1-top2 @ gen=20 : 10.014678 (top1=56667 top2=17209) rank_used=0 chosen=56667 marge_decisionnelle=10.014678
info:   marge top1-top2 @ gen=21 : 0.849394 (top1=568 top2=513) rank_used=0 chosen=568 marge_decisionnelle=0.849394
info:   marge top1-top2 @ gen=22 : 6.592215 (top1=182283 top2=74964) rank_used=0 chosen=182283 marge_decisionnelle=6.592215
info:   marge top1-top2 @ gen=23 : 4.886490 (top1=723 top2=1640) rank_used=0 chosen=723 marge_decisionnelle=4.886490
info:   marge top1-top2 @ gen=24 : 2.707420 (top1=92474 top2=29193) rank_used=0 chosen=92474 marge_decisionnelle=2.707420
info:   marge top1-top2 @ gen=25 : 10.325262 (top1=236768 top2=3349) rank_used=0 chosen=236768 marge_decisionnelle=10.325262
info:   marge top1-top2 @ gen=26 : 3.511814 (top1=1608 top2=6397) rank_used=0 chosen=1608 marge_decisionnelle=3.511814
info:   marge top1-top2 @ gen=27 : 0.094067 (top1=723 top2=3037) rank_used=0 chosen=723 marge_decisionnelle=0.094067
info:   marge top1-top2 @ gen=28 : 3.971275 (top1=9062 top2=177992) rank_used=0 chosen=9062 marge_decisionnelle=3.971275
info:   marge top1-top2 @ gen=29 : 1.178267 (top1=125091 top2=192912) rank_used=0 chosen=125091 marge_decisionnelle=1.178267
info:   marge top1-top2 @ gen=30 : 4.535257 (top1=569 top2=1008) rank_used=0 chosen=569 marge_decisionnelle=4.535257
info:   marge top1-top2 @ gen=31 : 2.418711 (top1=60588 top2=21739) rank_used=0 chosen=60588 marge_decisionnelle=2.418711
info:   marge top1-top2 @ gen=32 : 1.894657 (top1=3349 top2=193336) rank_used=0 chosen=3349 marge_decisionnelle=1.894657
info:   marge top1-top2 @ gen=33 : 3.015020 (top1=569 top2=513) rank_used=0 chosen=569 marge_decisionnelle=3.015020
info:   marge top1-top2 @ gen=34 : 0.769325 (top1=12727 top2=21739) rank_used=0 chosen=12727 marge_decisionnelle=0.769325
info:   marge top1-top2 @ gen=35 : 9.480270 (top1=1190 top2=20075) rank_used=0 chosen=1190 marge_decisionnelle=9.480270
info:   marge top1-top2 @ gen=36 : 2.586725 (top1=193336 top2=141783) rank_used=0 chosen=193336 marge_decisionnelle=2.586725
info:   marge top1-top2 @ gen=37 : 1.516256 (top1=236761 top2=52550) rank_used=0 chosen=236761 marge_decisionnelle=1.516256
info:   marge top1-top2 @ gen=38 : 4.586186 (top1=16107 top2=148306) rank_used=0 chosen=16107 marge_decisionnelle=4.586186
info:   marge top1-top2 @ gen=39 : 9.598076 (top1=20995 top2=185817) rank_used=0 chosen=20995 marge_decisionnelle=9.598076
info:   marge top1-top2 @ gen=40 : 0.888348 (top1=569 top2=513) rank_used=0 chosen=569 marge_decisionnelle=0.888348
info:   marge top1-top2 @ gen=41 : 1.625872 (top1=150741 top2=105820) rank_used=0 chosen=150741 marge_decisionnelle=1.625872
info:   marge top1-top2 @ gen=42 : 1.984020 (top1=1640 top2=537) rank_used=0 chosen=1640 marge_decisionnelle=1.984020
info:   marge top1-top2 @ gen=43 : 5.726084 (top1=3381 top2=38462) rank_used=0 chosen=3381 marge_decisionnelle=5.726084
info:   marge top1-top2 @ gen=44 : 6.598915 (top1=4154 top2=4902) rank_used=0 chosen=4154 marge_decisionnelle=6.598915
info:   marge top1-top2 @ gen=45 : 0.558603 (top1=23371 top2=13776) rank_used=0 chosen=23371 marge_decisionnelle=0.558603
info:   marge top1-top2 @ gen=46 : 3.305643 (top1=2417 top2=93231) rank_used=0 chosen=2417 marge_decisionnelle=3.305643
info:   marge top1-top2 @ gen=47 : 0.679001 (top1=513 top2=569) rank_used=0 chosen=513 marge_decisionnelle=0.679001
info:   marge top1-top2 @ gen=48 : 7.976585 (top1=236789 top2=236858) rank_used=0 chosen=236789 marge_decisionnelle=7.976585
info:   marge top1-top2 @ gen=49 : 3.824186 (top1=2253 top2=602) rank_used=0 chosen=2253 marge_decisionnelle=3.824186
info:   marge top1-top2 @ gen=50 : 2.585541 (top1=20412 top2=31120) rank_used=0 chosen=20412 marge_decisionnelle=2.585541
info:   marge top1-top2 @ gen=51 : 3.954742 (top1=56556 top2=10427) rank_used=0 chosen=56556 marge_decisionnelle=3.954742
info:   marge top1-top2 @ gen=52 : 4.795855 (top1=236764 top2=14355) rank_used=0 chosen=236764 marge_decisionnelle=4.795855
info:   marge top1-top2 @ gen=53 : 6.466066 (top1=674 top2=14129) rank_used=0 chosen=674 marge_decisionnelle=6.466066
info:   marge top1-top2 @ gen=54 : 7.107060 (top1=56667 top2=165992) rank_used=0 chosen=56667 marge_decisionnelle=7.107060
info:   marge top1-top2 @ gen=55 : 4.519585 (top1=770 top2=636) rank_used=0 chosen=770 marge_decisionnelle=4.519585
info:   marge top1-top2 @ gen=56 : 1.185646 (top1=636 top2=190245) rank_used=0 chosen=636 marge_decisionnelle=1.185646
info:   marge top1-top2 @ gen=57 : 6.312645 (top1=4702 top2=28818) rank_used=0 chosen=4702 marge_decisionnelle=6.312645
info:   marge top1-top2 @ gen=58 : 10.038508 (top1=500 top2=1150) rank_used=0 chosen=500 marge_decisionnelle=10.038508
info:   marge top1-top2 @ gen=59 : 7.486410 (top1=929 top2=258883) rank_used=0 chosen=929 marge_decisionnelle=7.583900
info:   marge top1-top2 @ gen=60 : 12.136524 (top1=1270 top2=12009) rank_used=0 chosen=1270 marge_decisionnelle=12.136524
info:   marge top1-top2 @ gen=61 : 0.975887 (top1=3037 top2=1640) rank_used=0 chosen=3037 marge_decisionnelle=0.975887
info:   marge top1-top2 @ gen=62 : 0.639626 (top1=623 top2=9381) rank_used=0 chosen=623 marge_decisionnelle=0.639626
info:   marge top1-top2 @ gen=63 : 5.854925 (top1=15307 top2=33768) rank_used=0 chosen=15307 marge_decisionnelle=5.854925
info:   marge top1-top2 @ gen=64 : 4.513561 (top1=8328 top2=3612) rank_used=0 chosen=8328 marge_decisionnelle=4.513561
info:   marge top1-top2 @ gen=65 : 11.014395 (top1=236775 top2=39924) rank_used=0 chosen=236775 marge_decisionnelle=11.014395
info:   marge top1-top2 @ gen=66 : 3.295433 (top1=39924 top2=569) rank_used=0 chosen=39924 marge_decisionnelle=3.295433
info:   marge top1-top2 @ gen=67 : 4.423063 (top1=2947 top2=569) rank_used=0 chosen=2947 marge_decisionnelle=4.423063
info:   marge top1-top2 @ gen=68 : 6.822073 (top1=636 top2=2972) rank_used=0 chosen=636 marge_decisionnelle=6.822073
info:   marge top1-top2 @ gen=69 : 5.421486 (top1=2972 top2=258882) rank_used=0 chosen=2972 marge_decisionnelle=6.827901
info:   marge top1-top2 @ gen=70 : 9.513095 (top1=2811 top2=30635) rank_used=0 chosen=2811 marge_decisionnelle=9.513095
info:   marge top1-top2 @ gen=71 : 0.310173 (top1=3229 top2=203580) rank_used=0 chosen=3229 marge_decisionnelle=0.310173
info:   marge top1-top2 @ gen=72 : 3.222120 (top1=13969 top2=1597) rank_used=0 chosen=13969 marge_decisionnelle=3.222120
info:   marge top1-top2 @ gen=73 : 8.178797 (top1=1008 top2=237032) rank_used=0 chosen=1008 marge_decisionnelle=8.178797
info:   marge top1-top2 @ gen=74 : 8.783295 (top1=1608 top2=3229) rank_used=0 chosen=1608 marge_decisionnelle=8.783295
info:   marge top1-top2 @ gen=75 : 6.307377 (top1=40300 top2=42813) rank_used=0 chosen=40300 marge_decisionnelle=6.307377
info:   marge top1-top2 @ gen=76 : 0.710440 (top1=569 top2=1747) rank_used=0 chosen=569 marge_decisionnelle=0.710440
info:   marge top1-top2 @ gen=77 : 6.322649 (top1=759 top2=537) rank_used=0 chosen=759 marge_decisionnelle=6.322649
info:   marge top1-top2 @ gen=78 : 4.001408 (top1=22939 top2=27187) rank_used=0 chosen=22939 marge_decisionnelle=4.001408
info:   marge top1-top2 @ gen=79 : 10.309662 (top1=236761 top2=1747) rank_used=0 chosen=236761 marge_decisionnelle=10.309662
info:   marge top1-top2 @ gen=80 : 1.912226 (top1=27301 top2=53614) rank_used=0 chosen=27301 marge_decisionnelle=1.912226
info:   marge top1-top2 @ gen=81 : 1.665478 (top1=129120 top2=64836) rank_used=0 chosen=129120 marge_decisionnelle=1.665478
info:   marge top1-top2 @ gen=82 : 1.288117 (top1=15075 top2=114792) rank_used=0 chosen=15075 marge_decisionnelle=1.288117
info:   marge top1-top2 @ gen=83 : 5.337061 (top1=569 top2=513) rank_used=0 chosen=569 marge_decisionnelle=5.337061
info:   marge top1-top2 @ gen=84 : 4.832960 (top1=91920 top2=40661) rank_used=0 chosen=91920 marge_decisionnelle=4.832960
info:   marge top1-top2 @ gen=85 : 2.677397 (top1=40661 top2=2575) rank_used=0 chosen=40661 marge_decisionnelle=2.677397
info:   marge top1-top2 @ gen=86 : 10.238581 (top1=68962 top2=154443) rank_used=0 chosen=68962 marge_decisionnelle=10.238581
info:   marge top1-top2 @ gen=87 : 2.178988 (top1=759 top2=1640) rank_used=0 chosen=759 marge_decisionnelle=2.178988
info:   marge top1-top2 @ gen=88 : 0.984989 (top1=83876 top2=112190) rank_used=0 chosen=83876 marge_decisionnelle=0.984989
info:   marge top1-top2 @ gen=89 : 8.967495 (top1=569 top2=3321) rank_used=0 chosen=569 marge_decisionnelle=8.967495
info:   marge top1-top2 @ gen=90 : 11.223207 (top1=3313 top2=22564) rank_used=0 chosen=3313 marge_decisionnelle=11.223207
info:   marge top1-top2 @ gen=91 : 2.678665 (top1=46778 top2=1008) rank_used=0 chosen=46778 marge_decisionnelle=2.678665
info:   marge top1-top2 @ gen=92 : 0.418377 (top1=9966 top2=236764) rank_used=0 chosen=9966 marge_decisionnelle=0.418377
info:   marge top1-top2 @ gen=93 : 11.191061 (top1=696 top2=258883) rank_used=0 chosen=696 marge_decisionnelle=12.109233
info:   marge top1-top2 @ gen=94 : 0.085016 (top1=80334 top2=11523) rank_used=0 chosen=80334 marge_decisionnelle=0.085016
info:   marge top1-top2 @ gen=95 : 2.498106 (top1=3229 top2=569) rank_used=0 chosen=3229 marge_decisionnelle=2.498106
info:   marge top1-top2 @ gen=96 : 8.427758 (top1=56667 top2=27387) rank_used=0 chosen=56667 marge_decisionnelle=8.427758
info:   marge top1-top2 @ gen=97 : 6.824751 (top1=569 top2=513) rank_used=0 chosen=569 marge_decisionnelle=6.824751
info:   marge top1-top2 @ gen=98 : 3.721396 (top1=131976 top2=132020) rank_used=0 chosen=131976 marge_decisionnelle=3.721396
info:   marge top1-top2 @ gen=99 : 4.662739 (top1=853 top2=569) rank_used=0 chosen=853 marge_decisionnelle=4.662739
info:   marge top1-top2 @ gen=100 : 0.599613 (top1=138905 top2=126795) rank_used=0 chosen=138905 marge_decisionnelle=0.599613
info:   marge top1-top2 @ gen=101 : 0.541882 (top1=569 top2=10427) rank_used=0 chosen=569 marge_decisionnelle=0.541882
info:   marge top1-top2 @ gen=102 : 0.105713 (top1=50711 top2=10427) rank_used=0 chosen=50711 marge_decisionnelle=0.105713
info:   marge top1-top2 @ gen=103 : 0.334467 (top1=24562 top2=108417) rank_used=0 chosen=24562 marge_decisionnelle=0.334467
info:   marge top1-top2 @ gen=104 : 0.012501 (top1=108417 top2=2611) rank_used=0 chosen=108417 marge_decisionnelle=0.012501
info:   marge top1-top2 @ gen=105 : 8.157026 (top1=703 top2=695) rank_used=0 chosen=703 marge_decisionnelle=8.157026
info:   marge top1-top2 @ gen=106 : 9.256256 (top1=236761 top2=569) rank_used=0 chosen=236761 marge_decisionnelle=9.256256
info:   marge top1-top2 @ gen=107 : 13.150021 (top1=106 top2=1340) rank_used=0 chosen=106 marge_decisionnelle=13.150021
info:   marge top1-top2 @ gen=108 : 13.032267 (top1=106 top2=1340) rank_used=0 chosen=106 marge_decisionnelle=13.032267
info:   marge top1-top2 @ gen=109 : 0.026405 (top1=45518 top2=101) rank_used=0 chosen=45518 marge_decisionnelle=0.026405
info:   marge top1-top2 @ gen=110 : 5.534153 (top1=107 top2=236813) rank_used=0 chosen=107 marge_decisionnelle=5.534153
info:   marge top1-top2 @ gen=111 : 8.195837 (top1=101 top2=1) rank_used=0 chosen=101 marge_decisionnelle=8.195837
info:   marge top1-top2 @ gen=112 : 5.425282 (top1=129930 top2=100) rank_used=0 chosen=129930 marge_decisionnelle=5.425282
info:   marge top1-top2 @ gen=113 : 8.204454 (top1=3037 top2=537) rank_used=0 chosen=3037 marge_decisionnelle=8.204454
info:   marge top1-top2 @ gen=114 : 7.331507 (top1=2049 top2=15569) rank_used=0 chosen=2049 marge_decisionnelle=7.331507
info:   marge top1-top2 @ gen=115 : 9.064294 (top1=4052 top2=2049) rank_used=0 chosen=4052 marge_decisionnelle=9.064294
info:   marge top1-top2 @ gen=116 : 3.112827 (top1=569 top2=696) rank_used=0 chosen=569 marge_decisionnelle=3.112827
info:   marge top1-top2 @ gen=117 : 10.457127 (top1=759 top2=537) rank_used=0 chosen=759 marge_decisionnelle=10.457127
info:   marge top1-top2 @ gen=118 : 10.674575 (top1=107058 top2=5213) rank_used=0 chosen=107058 marge_decisionnelle=10.674575
info:   marge top1-top2 @ gen=119 : 10.935557 (top1=2112 top2=239615) rank_used=0 chosen=2112 marge_decisionnelle=10.935557
info:   marge top1-top2 @ gen=120 : 8.469169 (top1=118583 top2=1084) rank_used=0 chosen=118583 marge_decisionnelle=8.469169
info:   marge top1-top2 @ gen=121 : 9.678677 (top1=513 top2=568) rank_used=0 chosen=513 marge_decisionnelle=9.678677
info:   marge top1-top2 @ gen=122 : 7.445332 (top1=236789 top2=236858) rank_used=0 chosen=236789 marge_decisionnelle=7.445332
info:   marge top1-top2 @ gen=123 : 12.191486 (top1=62462 top2=203330) rank_used=0 chosen=62462 marge_decisionnelle=12.191486
info:   marge top1-top2 @ gen=124 : 7.102051 (top1=696 top2=568) rank_used=0 chosen=696 marge_decisionnelle=7.102051
info:   marge top1-top2 @ gen=125 : 9.354536 (top1=22865 top2=12409) rank_used=0 chosen=22865 marge_decisionnelle=9.354536
info:   marge top1-top2 @ gen=126 : 9.245436 (top1=37485 top2=179162) rank_used=0 chosen=37485 marge_decisionnelle=9.245436
info:   marge top1-top2 @ gen=127 : 12.045596 (top1=1017 top2=236787) rank_used=0 chosen=1017 marge_decisionnelle=12.045596
info:   marge top1-top2 @ gen=128 : 10.621813 (top1=108 top2=236743) rank_used=0 chosen=108 marge_decisionnelle=10.621813
info:   marge top1-top2 @ gen=129 : 8.209097 (top1=4967 top2=236770) rank_used=0 chosen=4967 marge_decisionnelle=8.209097
info:   marge top1-top2 @ gen=130 : 10.817467 (top1=107058 top2=9939) rank_used=0 chosen=107058 marge_decisionnelle=10.817467
info:   marge top1-top2 @ gen=131 : 10.956538 (top1=2112 top2=239615) rank_used=0 chosen=2112 marge_decisionnelle=10.956538
info:   marge top1-top2 @ gen=132 : 9.571513 (top1=118583 top2=1084) rank_used=0 chosen=118583 marge_decisionnelle=9.571513
info:   marge top1-top2 @ gen=133 : 9.359989 (top1=513 top2=1009) rank_used=0 chosen=513 marge_decisionnelle=9.359989
info:   marge top1-top2 @ gen=134 : 6.314539 (top1=236789 top2=236858) rank_used=0 chosen=236789 marge_decisionnelle=6.314539
info:   marge top1-top2 @ gen=135 : 11.743667 (top1=62462 top2=152303) rank_used=0 chosen=62462 marge_decisionnelle=11.743667
info:   marge top1-top2 @ gen=136 : 9.845747 (top1=1009 top2=43496) rank_used=0 chosen=1009 marge_decisionnelle=9.845747
info:   marge top1-top2 @ gen=137 : 10.084316 (top1=3037 top2=2253) rank_used=0 chosen=3037 marge_decisionnelle=10.084316
info:   marge top1-top2 @ gen=138 : 5.866106 (top1=9939 top2=64836) rank_used=0 chosen=9939 marge_decisionnelle=5.866106
info:   marge top1-top2 @ gen=139 : 8.988989 (top1=2947 top2=569) rank_used=0 chosen=2947 marge_decisionnelle=8.988989
info:   marge top1-top2 @ gen=140 : 9.087027 (top1=55844 top2=192912) rank_used=0 chosen=55844 marge_decisionnelle=9.087027
info:   marge top1-top2 @ gen=141 : 7.729899 (top1=674 top2=759) rank_used=0 chosen=674 marge_decisionnelle=7.729899
info:   marge top1-top2 @ gen=142 : 8.131264 (top1=28421 top2=623) rank_used=0 chosen=28421 marge_decisionnelle=8.131264
info:   marge top1-top2 @ gen=143 : 5.023891 (top1=569 top2=513) rank_used=0 chosen=569 marge_decisionnelle=5.023891
info:   marge top1-top2 @ gen=144 : 7.341669 (top1=10040 top2=3313) rank_used=0 chosen=10040 marge_decisionnelle=7.341669
info:   marge top1-top2 @ gen=145 : 8.732920 (top1=513 top2=1747) rank_used=0 chosen=513 marge_decisionnelle=8.732920
info:   marge top1-top2 @ gen=146 : 8.219555 (top1=236789 top2=236858) rank_used=0 chosen=236789 marge_decisionnelle=8.219555
info:   marge top1-top2 @ gen=147 : 9.773447 (top1=602 top2=2253) rank_used=0 chosen=602 marge_decisionnelle=9.773447
info:   marge top1-top2 @ gen=148 : 10.512127 (top1=56667 top2=6603) rank_used=0 chosen=56667 marge_decisionnelle=10.512127
info:   marge top1-top2 @ gen=149 : 4.257431 (top1=568 top2=513) rank_used=0 chosen=568 marge_decisionnelle=4.257431
info:   marge top1-top2 @ gen=150 : 9.376900 (top1=182283 top2=2084) rank_used=0 chosen=182283 marge_decisionnelle=9.376900
info:   marge top1-top2 @ gen=151 : 7.549694 (top1=723 top2=1640) rank_used=0 chosen=723 marge_decisionnelle=7.549694
info:   marge top1-top2 @ gen=152 : 9.024532 (top1=92474 top2=29193) rank_used=0 chosen=92474 marge_decisionnelle=9.024532
info:   marge top1-top2 @ gen=153 : 12.337686 (top1=236768 top2=236786) rank_used=0 chosen=236768 marge_decisionnelle=12.337686
info:   marge top1-top2 @ gen=154 : 6.490929 (top1=1608 top2=6397) rank_used=0 chosen=1608 marge_decisionnelle=6.490929
info:   marge top1-top2 @ gen=155 : 7.855391 (top1=723 top2=3037) rank_used=0 chosen=723 marge_decisionnelle=7.855391
info:   marge top1-top2 @ gen=156 : 5.475700 (top1=9062 top2=177992) rank_used=0 chosen=9062 marge_decisionnelle=5.475700
info:   marge top1-top2 @ gen=157 : 6.987005 (top1=125091 top2=192912) rank_used=0 chosen=125091 marge_decisionnelle=6.987005
info:   marge top1-top2 @ gen=158 : 5.527908 (top1=569 top2=513) rank_used=0 chosen=569 marge_decisionnelle=5.527908
info:   marge top1-top2 @ gen=159 : 4.643866 (top1=60588 top2=12727) rank_used=0 chosen=60588 marge_decisionnelle=4.643866
info:   marge top1-top2 @ gen=160 : 3.056435 (top1=3349 top2=193336) rank_used=0 chosen=3349 marge_decisionnelle=3.056435
info:   marge top1-top2 @ gen=161 : 6.516724 (top1=569 top2=513) rank_used=0 chosen=569 marge_decisionnelle=6.516724
info:   marge top1-top2 @ gen=162 : 6.918406 (top1=12727 top2=623) rank_used=0 chosen=12727 marge_decisionnelle=6.918406
info:   marge top1-top2 @ gen=163 : 10.151473 (top1=1190 top2=498) rank_used=0 chosen=1190 marge_decisionnelle=10.151473
info:   marge top1-top2 @ gen=164 : 5.991621 (top1=193336 top2=13989) rank_used=0 chosen=193336 marge_decisionnelle=5.991621
info:   marge top1-top2 @ gen=165 : 8.572216 (top1=236761 top2=186346) rank_used=0 chosen=236761 marge_decisionnelle=8.572216
info:   marge top1-top2 @ gen=166 : 10.346380 (top1=16107 top2=36928) rank_used=0 chosen=16107 marge_decisionnelle=10.346380
info:   marge top1-top2 @ gen=167 : 8.480127 (top1=20995 top2=185817) rank_used=0 chosen=20995 marge_decisionnelle=8.480127
info:   marge top1-top2 @ gen=168 : 8.119881 (top1=569 top2=513) rank_used=0 chosen=569 marge_decisionnelle=8.119881
info:   marge top1-top2 @ gen=169 : 8.721659 (top1=150741 top2=114646) rank_used=0 chosen=150741 marge_decisionnelle=8.721659
info:   marge top1-top2 @ gen=170 : 10.734552 (top1=1640 top2=20328) rank_used=0 chosen=1640 marge_decisionnelle=10.734552
info:   marge top1-top2 @ gen=171 : 10.260613 (top1=3381 top2=94736) rank_used=0 chosen=3381 marge_decisionnelle=10.260613
info:   marge top1-top2 @ gen=172 : 10.668396 (top1=4154 top2=28256) rank_used=0 chosen=4154 marge_decisionnelle=10.668396
info:   marge top1-top2 @ gen=173 : 8.500397 (top1=23371 top2=13776) rank_used=0 chosen=23371 marge_decisionnelle=8.500397
info:   marge top1-top2 @ gen=174 : 7.066387 (top1=2417 top2=93231) rank_used=0 chosen=2417 marge_decisionnelle=7.066387
info:   marge top1-top2 @ gen=175 : 7.347899 (top1=513 top2=569) rank_used=0 chosen=513 marge_decisionnelle=7.347899
info:   marge top1-top2 @ gen=176 : 8.337837 (top1=236789 top2=236858) rank_used=0 chosen=236789 marge_decisionnelle=8.337837
info:   marge top1-top2 @ gen=177 : 7.639679 (top1=2253 top2=602) rank_used=0 chosen=2253 marge_decisionnelle=7.639679
info:   marge top1-top2 @ gen=178 : 5.339361 (top1=20412 top2=180099) rank_used=0 chosen=20412 marge_decisionnelle=5.339361
info:   marge top1-top2 @ gen=179 : 8.479078 (top1=56556 top2=80214) rank_used=0 chosen=56556 marge_decisionnelle=8.479078
info:   marge top1-top2 @ gen=180 : 4.486425 (top1=236764 top2=14355) rank_used=0 chosen=236764 marge_decisionnelle=4.486425
info:   marge top1-top2 @ gen=181 : 10.526367 (top1=674 top2=537) rank_used=0 chosen=674 marge_decisionnelle=10.526367
info:   marge top1-top2 @ gen=182 : 10.965218 (top1=56667 top2=165992) rank_used=0 chosen=56667 marge_decisionnelle=10.965218
info:   marge top1-top2 @ gen=183 : 7.070360 (top1=770 top2=636) rank_used=0 chosen=770 marge_decisionnelle=7.070360
info:   marge top1-top2 @ gen=184 : 11.131445 (top1=636 top2=1248) rank_used=0 chosen=636 marge_decisionnelle=11.131445
info:   marge top1-top2 @ gen=185 : 7.916278 (top1=4702 top2=31995) rank_used=0 chosen=4702 marge_decisionnelle=7.916278
info:   marge top1-top2 @ gen=186 : 9.055879 (top1=500 top2=1150) rank_used=0 chosen=500 marge_decisionnelle=9.055879
info:   marge top1-top2 @ gen=187 : 10.347345 (top1=929 top2=33470) rank_used=0 chosen=929 marge_decisionnelle=10.347345
info:   marge top1-top2 @ gen=188 : 12.488514 (top1=1270 top2=2880) rank_used=0 chosen=1270 marge_decisionnelle=12.488514
info:   marge top1-top2 @ gen=189 : 11.424699 (top1=3037 top2=759) rank_used=0 chosen=3037 marge_decisionnelle=11.424699
info:   marge top1-top2 @ gen=190 : 4.200958 (top1=623 top2=2789) rank_used=0 chosen=623 marge_decisionnelle=4.200958
info:   marge top1-top2 @ gen=191 : 8.700336 (top1=15307 top2=13873) rank_used=0 chosen=15307 marge_decisionnelle=8.700336
info:   marge top1-top2 @ gen=192 : 7.379785 (top1=8328 top2=237041) rank_used=0 chosen=8328 marge_decisionnelle=7.379785
info:   marge top1-top2 @ gen=193 : 12.480096 (top1=236775 top2=236779) rank_used=0 chosen=236775 marge_decisionnelle=12.480096
info:   marge top1-top2 @ gen=194 : 9.721009 (top1=39924 top2=119811) rank_used=0 chosen=39924 marge_decisionnelle=9.721009
info:   marge top1-top2 @ gen=195 : 11.523373 (top1=2947 top2=87519) rank_used=0 chosen=2947 marge_decisionnelle=11.523373
info:   marge top1-top2 @ gen=196 : 10.551039 (top1=636 top2=105444) rank_used=0 chosen=636 marge_decisionnelle=10.551039
info:   marge top1-top2 @ gen=197 : 9.283487 (top1=2972 top2=13934) rank_used=0 chosen=2972 marge_decisionnelle=9.283487
info:   marge top1-top2 @ gen=198 : 6.735836 (top1=2811 top2=3518) rank_used=0 chosen=2811 marge_decisionnelle=6.735836
info:   marge top1-top2 @ gen=199 : 6.124296 (top1=3229 top2=203580) rank_used=0 chosen=3229 marge_decisionnelle=6.124296
info:   marge top1-top2 @ gen=200 : 9.381960 (top1=13969 top2=50157) rank_used=0 chosen=13969 marge_decisionnelle=9.381960
info:   marge top1-top2 @ gen=201 : 10.282490 (top1=1008 top2=3229) rank_used=0 chosen=1008 marge_decisionnelle=10.282490
info:   marge top1-top2 @ gen=202 : 5.197672 (top1=1608 top2=3229) rank_used=0 chosen=1608 marge_decisionnelle=5.197672
info:   marge top1-top2 @ gen=203 : 7.555418 (top1=40300 top2=8790) rank_used=0 chosen=40300 marge_decisionnelle=7.555418
info:   marge top1-top2 @ gen=204 : 2.266958 (top1=569 top2=1747) rank_used=0 chosen=569 marge_decisionnelle=2.266958
info:   marge top1-top2 @ gen=205 : 7.350006 (top1=759 top2=537) rank_used=0 chosen=759 marge_decisionnelle=7.350006
info:   marge top1-top2 @ gen=206 : 5.648106 (top1=22939 top2=27187) rank_used=0 chosen=22939 marge_decisionnelle=5.648106
info:   marge top1-top2 @ gen=207 : 9.261908 (top1=236761 top2=1747) rank_used=0 chosen=236761 marge_decisionnelle=9.261908
info:   marge top1-top2 @ gen=208 : 8.340828 (top1=27301 top2=50822) rank_used=0 chosen=27301 marge_decisionnelle=8.340828
info:   marge top1-top2 @ gen=209 : 6.353483 (top1=129120 top2=64836) rank_used=0 chosen=129120 marge_decisionnelle=6.353483
info:   marge top1-top2 @ gen=210 : 10.032307 (top1=15075 top2=26230) rank_used=0 chosen=15075 marge_decisionnelle=10.032307
info:   marge top1-top2 @ gen=211 : 9.938616 (top1=569 top2=513) rank_used=0 chosen=569 marge_decisionnelle=9.938616
info:   marge top1-top2 @ gen=212 : 9.972569 (top1=91920 top2=187135) rank_used=0 chosen=91920 marge_decisionnelle=9.972569
info:   ... step 256 (212 générés)
info:   marge top1-top2 @ gen=213 : 9.133284 (top1=40661 top2=94888) rank_used=0 chosen=40661 marge_decisionnelle=9.133284
info:   marge top1-top2 @ gen=214 : 9.167707 (top1=68962 top2=27228) rank_used=0 chosen=68962 marge_decisionnelle=9.167707
info:   marge top1-top2 @ gen=215 : 5.577347 (top1=759 top2=1640) rank_used=0 chosen=759 marge_decisionnelle=5.577347
info:   marge top1-top2 @ gen=216 : 4.023962 (top1=83876 top2=112190) rank_used=0 chosen=83876 marge_decisionnelle=4.023962
info:   marge top1-top2 @ gen=217 : 12.573728 (top1=569 top2=3321) rank_used=0 chosen=569 marge_decisionnelle=12.573728
info:   marge top1-top2 @ gen=218 : 10.144977 (top1=3313 top2=22564) rank_used=0 chosen=3313 marge_decisionnelle=10.144977
info:   marge top1-top2 @ gen=219 : 5.996094 (top1=46778 top2=1221) rank_used=0 chosen=46778 marge_decisionnelle=5.996094
info:   marge top1-top2 @ gen=220 : 8.050259 (top1=9966 top2=568) rank_used=0 chosen=9966 marge_decisionnelle=8.050259
info:   marge top1-top2 @ gen=221 : 13.026772 (top1=696 top2=113526) rank_used=0 chosen=696 marge_decisionnelle=13.026772
info:   marge top1-top2 @ gen=222 : 7.516718 (top1=80334 top2=47033) rank_used=0 chosen=80334 marge_decisionnelle=7.516718
info:   marge top1-top2 @ gen=223 : 10.869253 (top1=3229 top2=6397) rank_used=0 chosen=3229 marge_decisionnelle=10.869253
info:   marge top1-top2 @ gen=224 : 11.977156 (top1=56667 top2=38325) rank_used=0 chosen=56667 marge_decisionnelle=11.977156
info:   marge top1-top2 @ gen=225 : 7.529518 (top1=569 top2=513) rank_used=0 chosen=569 marge_decisionnelle=7.529518
info:   marge top1-top2 @ gen=226 : 8.453981 (top1=131976 top2=132020) rank_used=0 chosen=131976 marge_decisionnelle=8.453981
info:   marge top1-top2 @ gen=227 : 7.851641 (top1=853 top2=569) rank_used=0 chosen=853 marge_decisionnelle=7.851641
info:   marge top1-top2 @ gen=228 : 5.303080 (top1=138905 top2=126795) rank_used=0 chosen=138905 marge_decisionnelle=5.303080
info:   marge top1-top2 @ gen=229 : 7.086844 (top1=569 top2=513) rank_used=0 chosen=569 marge_decisionnelle=7.086844
info:   marge top1-top2 @ gen=230 : 1.952770 (top1=50711 top2=10427) rank_used=0 chosen=50711 marge_decisionnelle=1.952770
info:   marge top1-top2 @ gen=231 : 5.291178 (top1=24562 top2=37262) rank_used=0 chosen=24562 marge_decisionnelle=5.291178
info:   marge top1-top2 @ gen=232 : 5.732489 (top1=108417 top2=2611) rank_used=0 chosen=108417 marge_decisionnelle=5.732489
info:   marge top1-top2 @ gen=233 : 7.639271 (top1=703 top2=695) rank_used=0 chosen=703 marge_decisionnelle=7.639271
info:   marge top1-top2 @ gen=234 : 10.515085 (top1=236761 top2=568) rank_used=0 chosen=236761 marge_decisionnelle=10.515085
info:   marge top1-top2 @ gen=235 : 9.348909 (top1=106 top2=236779) rank_used=0 chosen=106 marge_decisionnelle=9.348909
info:   marge top1-top2 @ gen=236 : 8.357134 (top1=106 top2=236779) rank_used=0 chosen=106 marge_decisionnelle=8.357134
info:   marge top1-top2 @ gen=237 : 3.916319 (top1=106 top2=1) rank_used=0 chosen=106 marge_decisionnelle=3.916319
info:   marge top1-top2 @ gen=238 : 3.893448 (top1=45518 top2=1) rank_used=0 chosen=45518 marge_decisionnelle=3.893448
info:   marge top1-top2 @ gen=239 : 8.294838 (top1=107 top2=236813) rank_used=0 chosen=107 marge_decisionnelle=8.294838
info:   marge top1-top2 @ gen=240 : 3.646975 (top1=101 top2=1) rank_used=0 chosen=101 marge_decisionnelle=3.646975
info:   marge top1-top2 @ gen=241 : 3.570444 (top1=129930 top2=4967) rank_used=0 chosen=129930 marge_decisionnelle=3.570444
info:   marge top1-top2 @ gen=242 : 9.798523 (top1=3037 top2=22865) rank_used=0 chosen=3037 marge_decisionnelle=9.798523
info:   marge top1-top2 @ gen=243 : 8.290188 (top1=2049 top2=15569) rank_used=0 chosen=2049 marge_decisionnelle=8.290188
info:   marge top1-top2 @ gen=244 : 10.497280 (top1=4052 top2=28202) rank_used=0 chosen=4052 marge_decisionnelle=10.497280
info:   marge top1-top2 @ gen=245 : 5.043097 (top1=569 top2=3606) rank_used=0 chosen=569 marge_decisionnelle=5.043097
info:   marge top1-top2 @ gen=246 : 9.694702 (top1=759 top2=537) rank_used=0 chosen=759 marge_decisionnelle=9.694702
info:   marge top1-top2 @ gen=247 : 10.026248 (top1=107058 top2=5213) rank_used=0 chosen=107058 marge_decisionnelle=10.026248
info:   marge top1-top2 @ gen=248 : 10.568634 (top1=2112 top2=239615) rank_used=0 chosen=2112 marge_decisionnelle=10.568634
info:   marge top1-top2 @ gen=249 : 7.855624 (top1=118583 top2=8285) rank_used=0 chosen=118583 marge_decisionnelle=7.855624
info:   marge top1-top2 @ gen=250 : 8.709850 (top1=513 top2=568) rank_used=0 chosen=513 marge_decisionnelle=8.709850
info:   marge top1-top2 @ gen=251 : 7.382731 (top1=236789 top2=236858) rank_used=0 chosen=236789 marge_decisionnelle=7.382731
info:   marge top1-top2 @ gen=252 : 12.342899 (top1=62462 top2=82839) rank_used=0 chosen=62462 marge_decisionnelle=12.342899
info:   marge top1-top2 @ gen=253 : 8.326256 (top1=696 top2=568) rank_used=0 chosen=696 marge_decisionnelle=8.326256
info:   marge top1-top2 @ gen=254 : 9.347353 (top1=22865 top2=12409) rank_used=0 chosen=22865 marge_decisionnelle=9.347353
info:   marge top1-top2 @ gen=255 : 9.561834 (top1=37485 top2=20412) rank_used=0 chosen=37485 marge_decisionnelle=9.561834
info:   marge top1-top2 @ gen=256 : 11.149921 (top1=1017 top2=3606) rank_used=0 chosen=1017 marge_decisionnelle=11.149921
info:   marge top1-top2 @ gen=257 : 9.007572 (top1=108 top2=236743) rank_used=0 chosen=108 marge_decisionnelle=9.007572
info:   marge top1-top2 @ gen=258 : 8.310816 (top1=4967 top2=236770) rank_used=0 chosen=4967 marge_decisionnelle=8.310816
info:   marge top1-top2 @ gen=259 : 9.482285 (top1=107058 top2=9939) rank_used=0 chosen=107058 marge_decisionnelle=9.482285
info: GENCFG: suppress a mordu 0 fois sur 260 tokens générés (prefill exclu)
info: ALLOC-LOOP: alloc=0 resize=0 remap=0 free=0 bytes=0 steps=303
info: ALLOC-TOTAL: alloc=766 free=724 bytes=954885410 shards=0
info: PERF-RESUME : reprise @step=43, 260 tokens générés en 27.127s (9.6 tok/s)
info: RSS-DELTA: 184 KiB (t20=3977520 t200=3977704)
error: A1 FAIL — 3/260 match, 1er mismatch au step gen=0
error:   step gen=0 : généré=108 attendu(fed)=236798
error:   diagnostic LOGITS (méthodo : argmax trop grossier pour diagnostiquer) — top-5 @ step gen=0 : idx={ 108, 236743, 138, 2915, 109 } val={ 26.615974, 13.993197, 11.86504, 11.548511, 11.469343 }
error: A1Mismatch
