info: BUILD: mode=ReleaseFast
info: EOT_ID = 106 (mesuré depuis le tokenizer)
info: GENCFG: /data/hf_cache/hub/models--google--gemma-4-12B-it-qat-w4a16-ct/snapshots/1d2c2d7f2466070e69d6fb3fd5ce9a7d75f2f6ee/generation_config.json suppress=[258883,258882] eos=[1,106,50] ignored=[bos_token_id,do_sample,pad_token_id,temperature,top_k,top_p,transformers_version] (mode=oracle)
info: SAMPLING: neutre — chemin top-5 inchangé (aucun warper, aucun tirage)
info: --oracle : 260 steps de génération attendus (fed.len), prompt vérifié (ids.len=28 == positions[0])
info(pjrt): Loading: libpjrt_cuda.so...
info(pjrt): Loaded: libpjrt_cuda.so
info: A1 — backend = cuda (cible : cuda)
info: Materializing weights (store_ck, 48 couches + 40 v_proj + embed 2 Go) + Packed/Cache (HostInputs, zéros hors positions/cos/sin/masques) ...
info: [mem] post-load (poids + Packed/Cache sur device): RSS=2626592 KiB (~2 GiB) swap=0 KiB (~0 GiB)
info: Compiling G12Step.forward (gather+scale 62.0+dequant W4+forwardStageGen 48 couches+topK, mono-graphe) ...
info:   compile: 27.294s
info: [mem] post-compile (go/no-go): RSS=3298776 KiB (~3 GiB) swap=0 KiB (~0 GiB)
info: Boucle autonome : 28 steps de prefill, puis génération (limite 260 = fed.len, oracle)
info:   marge top1-top2 @ gen=0 : 1.386837 (top1=129930 top2=4967) rank_used=0 chosen=129930 marge_decisionnelle=1.386837
info:   marge top1-top2 @ gen=1 : 7.067564 (top1=3037 top2=537) rank_used=0 chosen=3037 marge_decisionnelle=7.067564
info:   marge top1-top2 @ gen=2 : 6.982996 (top1=2049 top2=15569) rank_used=0 chosen=2049 marge_decisionnelle=6.982996
info:   marge top1-top2 @ gen=3 : 5.967014 (top1=4052 top2=33473) rank_used=0 chosen=4052 marge_decisionnelle=5.967014
info:   marge top1-top2 @ gen=4 : 2.242836 (top1=569 top2=696) rank_used=0 chosen=569 marge_decisionnelle=2.242836
info:   marge top1-top2 @ gen=5 : 9.621433 (top1=759 top2=537) rank_used=0 chosen=759 marge_decisionnelle=9.621433
info:   marge top1-top2 @ gen=6 : 5.804976 (top1=107058 top2=5213) rank_used=0 chosen=107058 marge_decisionnelle=5.804976
info:   marge top1-top2 @ gen=7 : 12.292408 (top1=2112 top2=1924) rank_used=0 chosen=2112 marge_decisionnelle=12.292408
info:   marge top1-top2 @ gen=8 : 7.978802 (top1=118583 top2=8285) rank_used=0 chosen=118583 marge_decisionnelle=7.978802
info:   marge top1-top2 @ gen=9 : 6.202997 (top1=513 top2=568) rank_used=0 chosen=513 marge_decisionnelle=6.202997
info:   marge top1-top2 @ gen=10 : 5.851259 (top1=236789 top2=236858) rank_used=0 chosen=236789 marge_decisionnelle=5.851259
info:   marge top1-top2 @ gen=11 : 9.832155 (top1=62462 top2=82839) rank_used=0 chosen=62462 marge_decisionnelle=9.832155
info:   marge top1-top2 @ gen=12 : 3.076605 (top1=696 top2=568) rank_used=0 chosen=696 marge_decisionnelle=3.076605
info:   marge top1-top2 @ gen=13 : 9.702613 (top1=22865 top2=12409) rank_used=0 chosen=22865 marge_decisionnelle=9.702613
info:   marge top1-top2 @ gen=14 : 8.683455 (top1=37485 top2=179162) rank_used=0 chosen=37485 marge_decisionnelle=8.683455
info:   marge top1-top2 @ gen=15 : 13.386711 (top1=1017 top2=32289) rank_used=0 chosen=1017 marge_decisionnelle=13.386711
info:   marge top1-top2 @ gen=16 : 12.621937 (top1=108 top2=236743) rank_used=0 chosen=108 marge_decisionnelle=12.621937
info:   marge top1-top2 @ gen=17 : 5.297192 (top1=4967 top2=236770) rank_used=0 chosen=4967 marge_decisionnelle=5.297192
info:   marge top1-top2 @ gen=18 : 8.371233 (top1=107058 top2=5700) rank_used=0 chosen=107058 marge_decisionnelle=8.371233
info:   marge top1-top2 @ gen=19 : 11.407021 (top1=2112 top2=239615) rank_used=0 chosen=2112 marge_decisionnelle=11.407021
info:   marge top1-top2 @ gen=20 : 8.343511 (top1=118583 top2=1084) rank_used=0 chosen=118583 marge_decisionnelle=8.343511
info:   marge top1-top2 @ gen=21 : 2.534958 (top1=513 top2=1009) rank_used=0 chosen=513 marge_decisionnelle=2.534958
info:   marge top1-top2 @ gen=22 : 6.058586 (top1=236789 top2=236858) rank_used=0 chosen=236789 marge_decisionnelle=6.058586
info:   marge top1-top2 @ gen=23 : 10.558476 (top1=62462 top2=82839) rank_used=0 chosen=62462 marge_decisionnelle=10.558476
info:   marge top1-top2 @ gen=24 : 5.816948 (top1=1009 top2=55844) rank_used=0 chosen=1009 marge_decisionnelle=5.816948
info:   marge top1-top2 @ gen=25 : 1.022919 (top1=3037 top2=723) rank_used=0 chosen=3037 marge_decisionnelle=1.022919
info:   marge top1-top2 @ gen=26 : 4.294830 (top1=9939 top2=143344) rank_used=0 chosen=9939 marge_decisionnelle=4.294830
info:   marge top1-top2 @ gen=27 : 0.556221 (top1=2947 top2=107417) rank_used=0 chosen=2947 marge_decisionnelle=0.556221
info:   marge top1-top2 @ gen=28 : 5.236023 (top1=55844 top2=192912) rank_used=0 chosen=55844 marge_decisionnelle=5.236023
info:   marge top1-top2 @ gen=29 : 1.835751 (top1=674 top2=759) rank_used=0 chosen=674 marge_decisionnelle=1.835751
info:   marge top1-top2 @ gen=30 : 3.971760 (top1=28421 top2=165992) rank_used=0 chosen=28421 marge_decisionnelle=3.971760
info:   marge top1-top2 @ gen=31 : 2.694061 (top1=569 top2=513) rank_used=0 chosen=569 marge_decisionnelle=2.694061
info:   marge top1-top2 @ gen=32 : 3.939999 (top1=10040 top2=25708) rank_used=0 chosen=10040 marge_decisionnelle=3.939999
info:   marge top1-top2 @ gen=33 : 3.903114 (top1=513 top2=1747) rank_used=0 chosen=513 marge_decisionnelle=3.903114
info:   marge top1-top2 @ gen=34 : 7.627817 (top1=236789 top2=236858) rank_used=0 chosen=236789 marge_decisionnelle=7.627817
info:   marge top1-top2 @ gen=35 : 7.397553 (top1=602 top2=2253) rank_used=0 chosen=602 marge_decisionnelle=7.397553
info:   marge top1-top2 @ gen=36 : 10.015566 (top1=56667 top2=17209) rank_used=0 chosen=56667 marge_decisionnelle=10.015566
info:   marge top1-top2 @ gen=37 : 0.845764 (top1=568 top2=513) rank_used=0 chosen=568 marge_decisionnelle=0.845764
info:   marge top1-top2 @ gen=38 : 6.588696 (top1=182283 top2=74964) rank_used=0 chosen=182283 marge_decisionnelle=6.588696
info:   marge top1-top2 @ gen=39 : 4.885834 (top1=723 top2=1640) rank_used=0 chosen=723 marge_decisionnelle=4.885834
info:   marge top1-top2 @ gen=40 : 2.707645 (top1=92474 top2=29193) rank_used=0 chosen=92474 marge_decisionnelle=2.707645
info:   marge top1-top2 @ gen=41 : 10.322748 (top1=236768 top2=3349) rank_used=0 chosen=236768 marge_decisionnelle=10.322748
info:   marge top1-top2 @ gen=42 : 3.522818 (top1=1608 top2=6397) rank_used=0 chosen=1608 marge_decisionnelle=3.522818
info:   marge top1-top2 @ gen=43 : 0.089752 (top1=723 top2=3037) rank_used=0 chosen=723 marge_decisionnelle=0.089752
info:   marge top1-top2 @ gen=44 : 3.970564 (top1=9062 top2=177992) rank_used=0 chosen=9062 marge_decisionnelle=3.970564
info:   marge top1-top2 @ gen=45 : 1.175654 (top1=125091 top2=192912) rank_used=0 chosen=125091 marge_decisionnelle=1.175654
info:   marge top1-top2 @ gen=46 : 4.536741 (top1=569 top2=1008) rank_used=0 chosen=569 marge_decisionnelle=4.536741
info:   marge top1-top2 @ gen=47 : 2.414013 (top1=60588 top2=21739) rank_used=0 chosen=60588 marge_decisionnelle=2.414013
info:   marge top1-top2 @ gen=48 : 1.899935 (top1=3349 top2=193336) rank_used=0 chosen=3349 marge_decisionnelle=1.899935
info:   marge top1-top2 @ gen=49 : 3.007284 (top1=569 top2=513) rank_used=0 chosen=569 marge_decisionnelle=3.007284
info:   marge top1-top2 @ gen=50 : 0.769087 (top1=12727 top2=21739) rank_used=0 chosen=12727 marge_decisionnelle=0.769087
info:   marge top1-top2 @ gen=51 : 9.481468 (top1=1190 top2=20075) rank_used=0 chosen=1190 marge_decisionnelle=9.481468
info:   marge top1-top2 @ gen=52 : 2.588163 (top1=193336 top2=141783) rank_used=0 chosen=193336 marge_decisionnelle=2.588163
info:   marge top1-top2 @ gen=53 : 1.508863 (top1=236761 top2=52550) rank_used=0 chosen=236761 marge_decisionnelle=1.508863
info:   marge top1-top2 @ gen=54 : 4.586048 (top1=16107 top2=148306) rank_used=0 chosen=16107 marge_decisionnelle=4.586048
info:   marge top1-top2 @ gen=55 : 9.598909 (top1=20995 top2=185817) rank_used=0 chosen=20995 marge_decisionnelle=9.598909
info:   marge top1-top2 @ gen=56 : 0.886503 (top1=569 top2=513) rank_used=0 chosen=569 marge_decisionnelle=0.886503
info:   marge top1-top2 @ gen=57 : 1.625826 (top1=150741 top2=105820) rank_used=0 chosen=150741 marge_decisionnelle=1.625826
info:   marge top1-top2 @ gen=58 : 1.986755 (top1=1640 top2=537) rank_used=0 chosen=1640 marge_decisionnelle=1.986755
info:   marge top1-top2 @ gen=59 : 5.725479 (top1=3381 top2=38462) rank_used=0 chosen=3381 marge_decisionnelle=5.725479
info:   marge top1-top2 @ gen=60 : 6.599665 (top1=4154 top2=4902) rank_used=0 chosen=4154 marge_decisionnelle=6.599665
info:   marge top1-top2 @ gen=61 : 0.562790 (top1=23371 top2=13776) rank_used=0 chosen=23371 marge_decisionnelle=0.562790
info:   marge top1-top2 @ gen=62 : 3.308609 (top1=2417 top2=93231) rank_used=0 chosen=2417 marge_decisionnelle=3.308609
info:   marge top1-top2 @ gen=63 : 0.681515 (top1=513 top2=569) rank_used=0 chosen=513 marge_decisionnelle=0.681515
info:   marge top1-top2 @ gen=64 : 7.974800 (top1=236789 top2=236858) rank_used=0 chosen=236789 marge_decisionnelle=7.974800
info:   marge top1-top2 @ gen=65 : 3.820776 (top1=2253 top2=602) rank_used=0 chosen=2253 marge_decisionnelle=3.820776
info:   marge top1-top2 @ gen=66 : 2.590424 (top1=20412 top2=31120) rank_used=0 chosen=20412 marge_decisionnelle=2.590424
info:   marge top1-top2 @ gen=67 : 3.965479 (top1=56556 top2=10427) rank_used=0 chosen=56556 marge_decisionnelle=3.965479
info:   marge top1-top2 @ gen=68 : 4.795406 (top1=236764 top2=14355) rank_used=0 chosen=236764 marge_decisionnelle=4.795406
info:   marge top1-top2 @ gen=69 : 6.460793 (top1=674 top2=14129) rank_used=0 chosen=674 marge_decisionnelle=6.460793
info:   marge top1-top2 @ gen=70 : 7.100151 (top1=56667 top2=165992) rank_used=0 chosen=56667 marge_decisionnelle=7.100151
info:   marge top1-top2 @ gen=71 : 4.519875 (top1=770 top2=636) rank_used=0 chosen=770 marge_decisionnelle=4.519875
info:   marge top1-top2 @ gen=72 : 1.187946 (top1=636 top2=190245) rank_used=0 chosen=636 marge_decisionnelle=1.187946
info:   marge top1-top2 @ gen=73 : 6.312880 (top1=4702 top2=28818) rank_used=0 chosen=4702 marge_decisionnelle=6.312880
info:   marge top1-top2 @ gen=74 : 10.041739 (top1=500 top2=1150) rank_used=0 chosen=500 marge_decisionnelle=10.041739
info:   marge top1-top2 @ gen=75 : 7.509880 (top1=929 top2=258883) rank_used=0 chosen=929 marge_decisionnelle=7.572304
info:   marge top1-top2 @ gen=76 : 12.140074 (top1=1270 top2=12009) rank_used=0 chosen=1270 marge_decisionnelle=12.140074
info:   marge top1-top2 @ gen=77 : 0.973227 (top1=3037 top2=1640) rank_used=0 chosen=3037 marge_decisionnelle=0.973227
info:   marge top1-top2 @ gen=78 : 0.635098 (top1=623 top2=9381) rank_used=0 chosen=623 marge_decisionnelle=0.635098
info:   marge top1-top2 @ gen=79 : 5.856443 (top1=15307 top2=33768) rank_used=0 chosen=15307 marge_decisionnelle=5.856443
info:   marge top1-top2 @ gen=80 : 4.509769 (top1=8328 top2=3612) rank_used=0 chosen=8328 marge_decisionnelle=4.509769
info:   marge top1-top2 @ gen=81 : 11.010677 (top1=236775 top2=39924) rank_used=0 chosen=236775 marge_decisionnelle=11.010677
info:   marge top1-top2 @ gen=82 : 3.294113 (top1=39924 top2=569) rank_used=0 chosen=39924 marge_decisionnelle=3.294113
info:   marge top1-top2 @ gen=83 : 4.427359 (top1=2947 top2=569) rank_used=0 chosen=2947 marge_decisionnelle=4.427359
info:   marge top1-top2 @ gen=84 : 6.827168 (top1=636 top2=2972) rank_used=0 chosen=636 marge_decisionnelle=6.827168
info:   marge top1-top2 @ gen=85 : 5.401472 (top1=2972 top2=258882) rank_used=0 chosen=2972 marge_decisionnelle=6.830189
info:   marge top1-top2 @ gen=86 : 9.512419 (top1=2811 top2=30635) rank_used=0 chosen=2811 marge_decisionnelle=9.512419
info:   marge top1-top2 @ gen=87 : 0.305016 (top1=3229 top2=203580) rank_used=0 chosen=3229 marge_decisionnelle=0.305016
info:   marge top1-top2 @ gen=88 : 3.228357 (top1=13969 top2=1597) rank_used=0 chosen=13969 marge_decisionnelle=3.228357
info:   marge top1-top2 @ gen=89 : 8.172642 (top1=1008 top2=237032) rank_used=0 chosen=1008 marge_decisionnelle=8.172642
info:   marge top1-top2 @ gen=90 : 8.784990 (top1=1608 top2=3229) rank_used=0 chosen=1608 marge_decisionnelle=8.784990
info:   marge top1-top2 @ gen=91 : 6.307200 (top1=40300 top2=42813) rank_used=0 chosen=40300 marge_decisionnelle=6.307200
info:   marge top1-top2 @ gen=92 : 0.712786 (top1=569 top2=1747) rank_used=0 chosen=569 marge_decisionnelle=0.712786
info:   marge top1-top2 @ gen=93 : 6.324869 (top1=759 top2=537) rank_used=0 chosen=759 marge_decisionnelle=6.324869
info:   marge top1-top2 @ gen=94 : 3.999146 (top1=22939 top2=27187) rank_used=0 chosen=22939 marge_decisionnelle=3.999146
info:   marge top1-top2 @ gen=95 : 10.304943 (top1=236761 top2=1747) rank_used=0 chosen=236761 marge_decisionnelle=10.304943
info:   marge top1-top2 @ gen=96 : 1.910656 (top1=27301 top2=53614) rank_used=0 chosen=27301 marge_decisionnelle=1.910656
info:   marge top1-top2 @ gen=97 : 1.666309 (top1=129120 top2=64836) rank_used=0 chosen=129120 marge_decisionnelle=1.666309
info:   marge top1-top2 @ gen=98 : 1.290894 (top1=15075 top2=114792) rank_used=0 chosen=15075 marge_decisionnelle=1.290894
info:   marge top1-top2 @ gen=99 : 5.339315 (top1=569 top2=513) rank_used=0 chosen=569 marge_decisionnelle=5.339315
info:   marge top1-top2 @ gen=100 : 4.834505 (top1=91920 top2=40661) rank_used=0 chosen=91920 marge_decisionnelle=4.834505
info:   marge top1-top2 @ gen=101 : 2.675274 (top1=40661 top2=2575) rank_used=0 chosen=40661 marge_decisionnelle=2.675274
info:   marge top1-top2 @ gen=102 : 10.242509 (top1=68962 top2=154443) rank_used=0 chosen=68962 marge_decisionnelle=10.242509
info:   marge top1-top2 @ gen=103 : 2.179232 (top1=759 top2=1640) rank_used=0 chosen=759 marge_decisionnelle=2.179232
info:   marge top1-top2 @ gen=104 : 0.987534 (top1=83876 top2=112190) rank_used=0 chosen=83876 marge_decisionnelle=0.987534
info:   marge top1-top2 @ gen=105 : 8.965607 (top1=569 top2=3321) rank_used=0 chosen=569 marge_decisionnelle=8.965607
info:   marge top1-top2 @ gen=106 : 11.222231 (top1=3313 top2=22564) rank_used=0 chosen=3313 marge_decisionnelle=11.222231
info:   marge top1-top2 @ gen=107 : 2.676422 (top1=46778 top2=1008) rank_used=0 chosen=46778 marge_decisionnelle=2.676422
info:   marge top1-top2 @ gen=108 : 0.416187 (top1=9966 top2=236764) rank_used=0 chosen=9966 marge_decisionnelle=0.416187
info:   marge top1-top2 @ gen=109 : 11.171228 (top1=696 top2=258883) rank_used=0 chosen=696 marge_decisionnelle=12.110329
info:   marge top1-top2 @ gen=110 : 0.084230 (top1=80334 top2=11523) rank_used=0 chosen=80334 marge_decisionnelle=0.084230
info:   marge top1-top2 @ gen=111 : 2.499605 (top1=3229 top2=569) rank_used=0 chosen=3229 marge_decisionnelle=2.499605
info:   marge top1-top2 @ gen=112 : 8.430335 (top1=56667 top2=27387) rank_used=0 chosen=56667 marge_decisionnelle=8.430335
info:   marge top1-top2 @ gen=113 : 6.821819 (top1=569 top2=513) rank_used=0 chosen=569 marge_decisionnelle=6.821819
info:   marge top1-top2 @ gen=114 : 3.724175 (top1=131976 top2=132020) rank_used=0 chosen=131976 marge_decisionnelle=3.724175
info:   marge top1-top2 @ gen=115 : 4.662903 (top1=853 top2=569) rank_used=0 chosen=853 marge_decisionnelle=4.662903
info:   marge top1-top2 @ gen=116 : 0.596855 (top1=138905 top2=126795) rank_used=0 chosen=138905 marge_decisionnelle=0.596855
info:   marge top1-top2 @ gen=117 : 0.542635 (top1=569 top2=10427) rank_used=0 chosen=569 marge_decisionnelle=0.542635
info:   marge top1-top2 @ gen=118 : 0.107008 (top1=50711 top2=10427) rank_used=0 chosen=50711 marge_decisionnelle=0.107008
info:   marge top1-top2 @ gen=119 : 0.330946 (top1=24562 top2=108417) rank_used=0 chosen=24562 marge_decisionnelle=0.330946
info:   marge top1-top2 @ gen=120 : 0.013548 (top1=108417 top2=2611) rank_used=0 chosen=108417 marge_decisionnelle=0.013548
info:   marge top1-top2 @ gen=121 : 8.160328 (top1=703 top2=695) rank_used=0 chosen=703 marge_decisionnelle=8.160328
info:   marge top1-top2 @ gen=122 : 9.246058 (top1=236761 top2=569) rank_used=0 chosen=236761 marge_decisionnelle=9.246058
info:   marge top1-top2 @ gen=123 : 13.151304 (top1=106 top2=1340) rank_used=0 chosen=106 marge_decisionnelle=13.151304
info:   marge top1-top2 @ gen=124 : 13.031232 (top1=106 top2=1340) rank_used=0 chosen=106 marge_decisionnelle=13.031232
info:   marge top1-top2 @ gen=125 : 0.021282 (top1=45518 top2=101) rank_used=0 chosen=45518 marge_decisionnelle=0.021282
info:   marge top1-top2 @ gen=126 : 5.537846 (top1=107 top2=236813) rank_used=0 chosen=107 marge_decisionnelle=5.537846
info:   marge top1-top2 @ gen=127 : 8.195656 (top1=101 top2=1) rank_used=0 chosen=101 marge_decisionnelle=8.195656
info:   marge top1-top2 @ gen=128 : 5.428200 (top1=129930 top2=100) rank_used=0 chosen=129930 marge_decisionnelle=5.428200
info:   marge top1-top2 @ gen=129 : 8.202591 (top1=3037 top2=537) rank_used=0 chosen=3037 marge_decisionnelle=8.202591
info:   marge top1-top2 @ gen=130 : 7.327049 (top1=2049 top2=15569) rank_used=0 chosen=2049 marge_decisionnelle=7.327049
info:   marge top1-top2 @ gen=131 : 9.058118 (top1=4052 top2=2049) rank_used=0 chosen=4052 marge_decisionnelle=9.058118
info:   marge top1-top2 @ gen=132 : 3.114370 (top1=569 top2=696) rank_used=0 chosen=569 marge_decisionnelle=3.114370
info:   marge top1-top2 @ gen=133 : 10.456600 (top1=759 top2=537) rank_used=0 chosen=759 marge_decisionnelle=10.456600
info:   marge top1-top2 @ gen=134 : 10.678001 (top1=107058 top2=5213) rank_used=0 chosen=107058 marge_decisionnelle=10.678001
info:   marge top1-top2 @ gen=135 : 10.942166 (top1=2112 top2=239615) rank_used=0 chosen=2112 marge_decisionnelle=10.942166
info:   marge top1-top2 @ gen=136 : 8.465235 (top1=118583 top2=1084) rank_used=0 chosen=118583 marge_decisionnelle=8.465235
info:   marge top1-top2 @ gen=137 : 9.685337 (top1=513 top2=568) rank_used=0 chosen=513 marge_decisionnelle=9.685337
info:   marge top1-top2 @ gen=138 : 7.440043 (top1=236789 top2=236858) rank_used=0 chosen=236789 marge_decisionnelle=7.440043
info:   marge top1-top2 @ gen=139 : 12.193834 (top1=62462 top2=203330) rank_used=0 chosen=62462 marge_decisionnelle=12.193834
info:   marge top1-top2 @ gen=140 : 7.103497 (top1=696 top2=568) rank_used=0 chosen=696 marge_decisionnelle=7.103497
info:   marge top1-top2 @ gen=141 : 9.354727 (top1=22865 top2=12409) rank_used=0 chosen=22865 marge_decisionnelle=9.354727
info:   marge top1-top2 @ gen=142 : 9.244113 (top1=37485 top2=179162) rank_used=0 chosen=37485 marge_decisionnelle=9.244113
info:   marge top1-top2 @ gen=143 : 12.032721 (top1=1017 top2=236787) rank_used=0 chosen=1017 marge_decisionnelle=12.032721
info:   marge top1-top2 @ gen=144 : 10.616730 (top1=108 top2=236743) rank_used=0 chosen=108 marge_decisionnelle=10.616730
info:   marge top1-top2 @ gen=145 : 8.203259 (top1=4967 top2=236770) rank_used=0 chosen=4967 marge_decisionnelle=8.203259
info:   marge top1-top2 @ gen=146 : 10.819358 (top1=107058 top2=9939) rank_used=0 chosen=107058 marge_decisionnelle=10.819358
info:   marge top1-top2 @ gen=147 : 10.957980 (top1=2112 top2=239615) rank_used=0 chosen=2112 marge_decisionnelle=10.957980
info:   marge top1-top2 @ gen=148 : 9.567935 (top1=118583 top2=1084) rank_used=0 chosen=118583 marge_decisionnelle=9.567935
info:   marge top1-top2 @ gen=149 : 9.359154 (top1=513 top2=1009) rank_used=0 chosen=513 marge_decisionnelle=9.359154
info:   marge top1-top2 @ gen=150 : 6.311680 (top1=236789 top2=236858) rank_used=0 chosen=236789 marge_decisionnelle=6.311680
info:   marge top1-top2 @ gen=151 : 11.751711 (top1=62462 top2=152303) rank_used=0 chosen=62462 marge_decisionnelle=11.751711
info:   marge top1-top2 @ gen=152 : 9.845932 (top1=1009 top2=43496) rank_used=0 chosen=1009 marge_decisionnelle=9.845932
info:   marge top1-top2 @ gen=153 : 10.087990 (top1=3037 top2=2253) rank_used=0 chosen=3037 marge_decisionnelle=10.087990
info:   marge top1-top2 @ gen=154 : 5.867140 (top1=9939 top2=64836) rank_used=0 chosen=9939 marge_decisionnelle=5.867140
info:   marge top1-top2 @ gen=155 : 8.990616 (top1=2947 top2=569) rank_used=0 chosen=2947 marge_decisionnelle=8.990616
info:   marge top1-top2 @ gen=156 : 9.085251 (top1=55844 top2=192912) rank_used=0 chosen=55844 marge_decisionnelle=9.085251
info:   marge top1-top2 @ gen=157 : 7.725695 (top1=674 top2=759) rank_used=0 chosen=674 marge_decisionnelle=7.725695
info:   marge top1-top2 @ gen=158 : 8.126989 (top1=28421 top2=623) rank_used=0 chosen=28421 marge_decisionnelle=8.126989
info:   marge top1-top2 @ gen=159 : 5.026468 (top1=569 top2=513) rank_used=0 chosen=569 marge_decisionnelle=5.026468
info:   marge top1-top2 @ gen=160 : 7.337427 (top1=10040 top2=3313) rank_used=0 chosen=10040 marge_decisionnelle=7.337427
info:   marge top1-top2 @ gen=161 : 8.728985 (top1=513 top2=1747) rank_used=0 chosen=513 marge_decisionnelle=8.728985
info:   marge top1-top2 @ gen=162 : 8.214165 (top1=236789 top2=236858) rank_used=0 chosen=236789 marge_decisionnelle=8.214165
info:   marge top1-top2 @ gen=163 : 9.772261 (top1=602 top2=2253) rank_used=0 chosen=602 marge_decisionnelle=9.772261
info:   marge top1-top2 @ gen=164 : 10.510865 (top1=56667 top2=6603) rank_used=0 chosen=56667 marge_decisionnelle=10.510865
info:   marge top1-top2 @ gen=165 : 4.251160 (top1=568 top2=513) rank_used=0 chosen=568 marge_decisionnelle=4.251160
info:   marge top1-top2 @ gen=166 : 9.370136 (top1=182283 top2=2084) rank_used=0 chosen=182283 marge_decisionnelle=9.370136
info:   marge top1-top2 @ gen=167 : 7.546860 (top1=723 top2=1640) rank_used=0 chosen=723 marge_decisionnelle=7.546860
info:   marge top1-top2 @ gen=168 : 9.024078 (top1=92474 top2=29193) rank_used=0 chosen=92474 marge_decisionnelle=9.024078
info:   marge top1-top2 @ gen=169 : 12.335444 (top1=236768 top2=236786) rank_used=0 chosen=236768 marge_decisionnelle=12.335444
info:   marge top1-top2 @ gen=170 : 6.480055 (top1=1608 top2=6397) rank_used=0 chosen=1608 marge_decisionnelle=6.480055
info:   marge top1-top2 @ gen=171 : 7.852997 (top1=723 top2=3037) rank_used=0 chosen=723 marge_decisionnelle=7.852997
info:   marge top1-top2 @ gen=172 : 5.477335 (top1=9062 top2=177992) rank_used=0 chosen=9062 marge_decisionnelle=5.477335
info:   marge top1-top2 @ gen=173 : 6.983715 (top1=125091 top2=192912) rank_used=0 chosen=125091 marge_decisionnelle=6.983715
info:   marge top1-top2 @ gen=174 : 5.526650 (top1=569 top2=513) rank_used=0 chosen=569 marge_decisionnelle=5.526650
info:   marge top1-top2 @ gen=175 : 4.643805 (top1=60588 top2=12727) rank_used=0 chosen=60588 marge_decisionnelle=4.643805
info:   marge top1-top2 @ gen=176 : 3.055754 (top1=3349 top2=193336) rank_used=0 chosen=3349 marge_decisionnelle=3.055754
info:   marge top1-top2 @ gen=177 : 6.512550 (top1=569 top2=513) rank_used=0 chosen=569 marge_decisionnelle=6.512550
info:   marge top1-top2 @ gen=178 : 6.911329 (top1=12727 top2=623) rank_used=0 chosen=12727 marge_decisionnelle=6.911329
info:   marge top1-top2 @ gen=179 : 10.150124 (top1=1190 top2=498) rank_used=0 chosen=1190 marge_decisionnelle=10.150124
info:   marge top1-top2 @ gen=180 : 5.990393 (top1=193336 top2=13989) rank_used=0 chosen=193336 marge_decisionnelle=5.990393
info:   marge top1-top2 @ gen=181 : 8.572323 (top1=236761 top2=186346) rank_used=0 chosen=236761 marge_decisionnelle=8.572323
info:   marge top1-top2 @ gen=182 : 10.346092 (top1=16107 top2=36928) rank_used=0 chosen=16107 marge_decisionnelle=10.346092
info:   marge top1-top2 @ gen=183 : 8.475296 (top1=20995 top2=185817) rank_used=0 chosen=20995 marge_decisionnelle=8.475296
info:   marge top1-top2 @ gen=184 : 8.123276 (top1=569 top2=513) rank_used=0 chosen=569 marge_decisionnelle=8.123276
info:   marge top1-top2 @ gen=185 : 8.719415 (top1=150741 top2=114646) rank_used=0 chosen=150741 marge_decisionnelle=8.719415
info:   marge top1-top2 @ gen=186 : 10.732222 (top1=1640 top2=20328) rank_used=0 chosen=1640 marge_decisionnelle=10.732222
info:   marge top1-top2 @ gen=187 : 10.259944 (top1=3381 top2=94736) rank_used=0 chosen=3381 marge_decisionnelle=10.259944
info:   marge top1-top2 @ gen=188 : 10.667120 (top1=4154 top2=28256) rank_used=0 chosen=4154 marge_decisionnelle=10.667120
info:   marge top1-top2 @ gen=189 : 8.501362 (top1=23371 top2=13776) rank_used=0 chosen=23371 marge_decisionnelle=8.501362
info:   marge top1-top2 @ gen=190 : 7.057987 (top1=2417 top2=93231) rank_used=0 chosen=2417 marge_decisionnelle=7.057987
info:   marge top1-top2 @ gen=191 : 7.342705 (top1=513 top2=569) rank_used=0 chosen=513 marge_decisionnelle=7.342705
info:   marge top1-top2 @ gen=192 : 8.338114 (top1=236789 top2=236858) rank_used=0 chosen=236789 marge_decisionnelle=8.338114
info:   marge top1-top2 @ gen=193 : 7.632986 (top1=2253 top2=602) rank_used=0 chosen=2253 marge_decisionnelle=7.632986
info:   marge top1-top2 @ gen=194 : 5.342094 (top1=20412 top2=180099) rank_used=0 chosen=20412 marge_decisionnelle=5.342094
info:   marge top1-top2 @ gen=195 : 8.475857 (top1=56556 top2=80214) rank_used=0 chosen=56556 marge_decisionnelle=8.475857
info:   marge top1-top2 @ gen=196 : 4.483284 (top1=236764 top2=14355) rank_used=0 chosen=236764 marge_decisionnelle=4.483284
info:   marge top1-top2 @ gen=197 : 10.525961 (top1=674 top2=537) rank_used=0 chosen=674 marge_decisionnelle=10.525961
info:   marge top1-top2 @ gen=198 : 10.965680 (top1=56667 top2=165992) rank_used=0 chosen=56667 marge_decisionnelle=10.965680
info:   marge top1-top2 @ gen=199 : 7.068922 (top1=770 top2=636) rank_used=0 chosen=770 marge_decisionnelle=7.068922
info:   marge top1-top2 @ gen=200 : 11.130215 (top1=636 top2=1248) rank_used=0 chosen=636 marge_decisionnelle=11.130215
info:   marge top1-top2 @ gen=201 : 7.914884 (top1=4702 top2=31995) rank_used=0 chosen=4702 marge_decisionnelle=7.914884
info:   marge top1-top2 @ gen=202 : 9.052809 (top1=500 top2=1150) rank_used=0 chosen=500 marge_decisionnelle=9.052809
info:   marge top1-top2 @ gen=203 : 10.353490 (top1=929 top2=33470) rank_used=0 chosen=929 marge_decisionnelle=10.353490
info:   marge top1-top2 @ gen=204 : 12.488647 (top1=1270 top2=2880) rank_used=0 chosen=1270 marge_decisionnelle=12.488647
info:   marge top1-top2 @ gen=205 : 11.419668 (top1=3037 top2=759) rank_used=0 chosen=3037 marge_decisionnelle=11.419668
info:   marge top1-top2 @ gen=206 : 4.197107 (top1=623 top2=2789) rank_used=0 chosen=623 marge_decisionnelle=4.197107
info:   marge top1-top2 @ gen=207 : 8.698822 (top1=15307 top2=13873) rank_used=0 chosen=15307 marge_decisionnelle=8.698822
info:   marge top1-top2 @ gen=208 : 7.382496 (top1=8328 top2=237041) rank_used=0 chosen=8328 marge_decisionnelle=7.382496
info:   marge top1-top2 @ gen=209 : 12.475007 (top1=236775 top2=236779) rank_used=0 chosen=236775 marge_decisionnelle=12.475007
info:   marge top1-top2 @ gen=210 : 9.721512 (top1=39924 top2=119811) rank_used=0 chosen=39924 marge_decisionnelle=9.721512
info:   marge top1-top2 @ gen=211 : 11.518417 (top1=2947 top2=87519) rank_used=0 chosen=2947 marge_decisionnelle=11.518417
info:   marge top1-top2 @ gen=212 : 10.554031 (top1=636 top2=105444) rank_used=0 chosen=636 marge_decisionnelle=10.554031
info:   marge top1-top2 @ gen=213 : 9.279633 (top1=2972 top2=13934) rank_used=0 chosen=2972 marge_decisionnelle=9.279633
info:   marge top1-top2 @ gen=214 : 6.743107 (top1=2811 top2=3518) rank_used=0 chosen=2811 marge_decisionnelle=6.743107
info:   marge top1-top2 @ gen=215 : 6.122074 (top1=3229 top2=203580) rank_used=0 chosen=3229 marge_decisionnelle=6.122074
info:   marge top1-top2 @ gen=216 : 9.375690 (top1=13969 top2=50157) rank_used=0 chosen=13969 marge_decisionnelle=9.375690
info:   marge top1-top2 @ gen=217 : 10.283140 (top1=1008 top2=3229) rank_used=0 chosen=1008 marge_decisionnelle=10.283140
info:   marge top1-top2 @ gen=218 : 5.195517 (top1=1608 top2=3229) rank_used=0 chosen=1608 marge_decisionnelle=5.195517
info:   marge top1-top2 @ gen=219 : 7.548992 (top1=40300 top2=8790) rank_used=0 chosen=40300 marge_decisionnelle=7.548992
info:   marge top1-top2 @ gen=220 : 2.270021 (top1=569 top2=1747) rank_used=0 chosen=569 marge_decisionnelle=2.270021
info:   marge top1-top2 @ gen=221 : 7.351000 (top1=759 top2=537) rank_used=0 chosen=759 marge_decisionnelle=7.351000
info:   marge top1-top2 @ gen=222 : 5.651712 (top1=22939 top2=27187) rank_used=0 chosen=22939 marge_decisionnelle=5.651712
info:   marge top1-top2 @ gen=223 : 9.257580 (top1=236761 top2=1747) rank_used=0 chosen=236761 marge_decisionnelle=9.257580
info:   marge top1-top2 @ gen=224 : 8.339327 (top1=27301 top2=50822) rank_used=0 chosen=27301 marge_decisionnelle=8.339327
info:   marge top1-top2 @ gen=225 : 6.352947 (top1=129120 top2=64836) rank_used=0 chosen=129120 marge_decisionnelle=6.352947
info:   marge top1-top2 @ gen=226 : 10.032669 (top1=15075 top2=26230) rank_used=0 chosen=15075 marge_decisionnelle=10.032669
info:   marge top1-top2 @ gen=227 : 9.937601 (top1=569 top2=513) rank_used=0 chosen=569 marge_decisionnelle=9.937601
info:   marge top1-top2 @ gen=228 : 9.977525 (top1=91920 top2=187135) rank_used=0 chosen=91920 marge_decisionnelle=9.977525
info:   ... step 256 (228 générés)
info:   marge top1-top2 @ gen=229 : 9.129553 (top1=40661 top2=94888) rank_used=0 chosen=40661 marge_decisionnelle=9.129553
info:   marge top1-top2 @ gen=230 : 9.169596 (top1=68962 top2=27228) rank_used=0 chosen=68962 marge_decisionnelle=9.169596
info:   marge top1-top2 @ gen=231 : 5.590159 (top1=759 top2=1640) rank_used=0 chosen=759 marge_decisionnelle=5.590159
info:   marge top1-top2 @ gen=232 : 4.034563 (top1=83876 top2=112190) rank_used=0 chosen=83876 marge_decisionnelle=4.034563
info:   marge top1-top2 @ gen=233 : 12.571690 (top1=569 top2=3321) rank_used=0 chosen=569 marge_decisionnelle=12.571690
info:   marge top1-top2 @ gen=234 : 10.149569 (top1=3313 top2=22564) rank_used=0 chosen=3313 marge_decisionnelle=10.149569
info:   marge top1-top2 @ gen=235 : 6.003647 (top1=46778 top2=1221) rank_used=0 chosen=46778 marge_decisionnelle=6.003647
info:   marge top1-top2 @ gen=236 : 8.056269 (top1=9966 top2=568) rank_used=0 chosen=9966 marge_decisionnelle=8.056269
info:   marge top1-top2 @ gen=237 : 13.031147 (top1=696 top2=113526) rank_used=0 chosen=696 marge_decisionnelle=13.031147
info:   marge top1-top2 @ gen=238 : 7.522629 (top1=80334 top2=47033) rank_used=0 chosen=80334 marge_decisionnelle=7.522629
info:   marge top1-top2 @ gen=239 : 10.880343 (top1=3229 top2=6397) rank_used=0 chosen=3229 marge_decisionnelle=10.880343
info:   marge top1-top2 @ gen=240 : 11.977718 (top1=56667 top2=38325) rank_used=0 chosen=56667 marge_decisionnelle=11.977718
info:   marge top1-top2 @ gen=241 : 7.536064 (top1=569 top2=513) rank_used=0 chosen=569 marge_decisionnelle=7.536064
info:   marge top1-top2 @ gen=242 : 8.461748 (top1=131976 top2=132020) rank_used=0 chosen=131976 marge_decisionnelle=8.461748
info:   marge top1-top2 @ gen=243 : 7.858597 (top1=853 top2=569) rank_used=0 chosen=853 marge_decisionnelle=7.858597
info:   marge top1-top2 @ gen=244 : 5.307106 (top1=138905 top2=126795) rank_used=0 chosen=138905 marge_decisionnelle=5.307106
info:   marge top1-top2 @ gen=245 : 7.091560 (top1=569 top2=513) rank_used=0 chosen=569 marge_decisionnelle=7.091560
info:   marge top1-top2 @ gen=246 : 1.959465 (top1=50711 top2=10427) rank_used=0 chosen=50711 marge_decisionnelle=1.959465
info:   marge top1-top2 @ gen=247 : 5.297995 (top1=24562 top2=37262) rank_used=0 chosen=24562 marge_decisionnelle=5.297995
info:   marge top1-top2 @ gen=248 : 5.747154 (top1=108417 top2=2611) rank_used=0 chosen=108417 marge_decisionnelle=5.747154
info:   marge top1-top2 @ gen=249 : 7.639980 (top1=703 top2=695) rank_used=0 chosen=703 marge_decisionnelle=7.639980
info:   marge top1-top2 @ gen=250 : 10.515535 (top1=236761 top2=568) rank_used=0 chosen=236761 marge_decisionnelle=10.515535
info:   marge top1-top2 @ gen=251 : 9.353088 (top1=106 top2=236779) rank_used=0 chosen=106 marge_decisionnelle=9.353088
info:   marge top1-top2 @ gen=252 : 8.365791 (top1=106 top2=236779) rank_used=0 chosen=106 marge_decisionnelle=8.365791
info:   marge top1-top2 @ gen=253 : 3.917967 (top1=106 top2=1) rank_used=0 chosen=106 marge_decisionnelle=3.917967
info:   marge top1-top2 @ gen=254 : 3.912539 (top1=45518 top2=1) rank_used=0 chosen=45518 marge_decisionnelle=3.912539
info:   marge top1-top2 @ gen=255 : 8.290092 (top1=107 top2=236813) rank_used=0 chosen=107 marge_decisionnelle=8.290092
info:   marge top1-top2 @ gen=256 : 3.647327 (top1=101 top2=1) rank_used=0 chosen=101 marge_decisionnelle=3.647327
info:   marge top1-top2 @ gen=257 : 3.570524 (top1=129930 top2=4967) rank_used=0 chosen=129930 marge_decisionnelle=3.570524
info:   marge top1-top2 @ gen=258 : 9.798239 (top1=3037 top2=22865) rank_used=0 chosen=3037 marge_decisionnelle=9.798239
info:   marge top1-top2 @ gen=259 : 8.287674 (top1=2049 top2=15569) rank_used=0 chosen=2049 marge_decisionnelle=8.287674
info: KVDUMP: /tmp/dc5/dc6.kvdump l_max=1280 step_next=287 fed_next=2049 ids=287 octets=880804988 xxh64_ok
info: GENCFG: suppress a mordu 0 fois sur 260 tokens générés (prefill exclu)
info: ALLOC-LOOP: alloc=0 resize=0 remap=0 free=0 bytes=0 steps=287
info: ALLOC-TOTAL: alloc=810 free=773 bytes=954872081 shards=1
info: PERF : prefill 28 steps en 2.971s (9.4 tok/s) ; génération 260 tokens en 26.905s (9.7 tok/s)
info: RSS-DELTA: 148 KiB (t20=3979860 t200=3980008)
error: A1 FAIL — 1/260 match, 1er mismatch au step gen=0
error:   step gen=0 : généré=129930 attendu(fed)=236798
error:   diagnostic LOGITS (méthodo : argmax trop grossier pour diagnostiquer) — top-5 @ step gen=0 : idx={ 129930, 4967, 46308, 3258, 236798 } val={ 25.972282, 24.585445, 18.502338, 17.748487, 16.072023 }
error: A1Mismatch
