info: BUILD: mode=ReleaseFast
info: EOT_ID = 106 (mesuré depuis le tokenizer)
info: GENCFG: /data/hf_cache/hub/models--google--gemma-4-12B-it-qat-w4a16-ct/snapshots/1d2c2d7f2466070e69d6fb3fd5ce9a7d75f2f6ee/generation_config.json suppress=[258883,258882] eos=[1,106,50] ignored=[bos_token_id,do_sample,pad_token_id,temperature,top_k,top_p,transformers_version] (mode=libre)
info: SAMPLING: neutre — chemin top-5 inchangé (aucun warper, aucun tirage)
info(pjrt): Loading: libpjrt_cuda.so...
info(pjrt): Loaded: libpjrt_cuda.so
info: A1 — backend = cuda (cible : cuda)
info: Materializing weights (store_ck, 48 couches + 40 v_proj + embed 2 Go) + Packed/Cache (HostInputs, zéros hors positions/cos/sin/masques) ...
info: [mem] post-load (poids + Packed/Cache sur device): RSS=2626520 KiB (~2 GiB) swap=0 KiB (~0 GiB)
info: Compiling G12Step.forward (gather+scale 62.0+dequant W4+forwardStageGen 48 couches+topK, mono-graphe) ...
info:   compile: 27.461s
info: [mem] post-compile (go/no-go): RSS=3296840 KiB (~3 GiB) swap=0 KiB (~0 GiB)
info: KVLOAD: /data/gemma4-zml-probe/kvdump/first.kvdump l_max=1280 step_next=43 fed_next=1017 ids=43 (reprise sans prefill)
info: KVLOAD: contexte de 43 tokens (non réaffiché)
info: Boucle autonome : 43 steps de prefill, puis génération (limite 8 = max_tokens)
info: KVLOAD-PERF: chargement+h2d+reprise -> 1er token en 1.304s
info: GENCFG: suppress a mordu 0 fois sur 8 tokens générés (prefill exclu)
info: ALLOC-LOOP: alloc=0 resize=0 remap=0 free=0 bytes=0 steps=51
info: ALLOC-TOTAL: alloc=757 free=716 bytes=954785024 shards=0
info: PERF-RESUME : reprise @step=43, 8 tokens générés en 0.898s (8.9 tok/s)
info: RSS-DELTA: INEXECUTABLE (run trop court : t20=null t200=null)
info: mode libre : 8 tokens générés (EOT_ID=106, max_tokens=8)
info: generated = { 108, 4967, 107058, 2112, 118583, 513, 236789, 62462 }
info: arrêt : max-tokens (8)
